Archive member included to satisfy reference by file (symbol)

e:/stm32ide/stm32cubeide_1.7.0/stm32cubeide/plugins/com.st.stm32cube.ide.mcu.externaltools.gnu-tools-for-stm32.9-2020-q2-update.win32_2.0.0.202105311346/tools/bin/../lib/gcc/arm-none-eabi/9.3.1/../../../../arm-none-eabi/lib/thumb/v7e-m+fp/hard\libc_nano.a(lib_a-errno.o)
                              ./Core/Src/syscalls.o (__errno)
e:/stm32ide/stm32cubeide_1.7.0/stm32cubeide/plugins/com.st.stm32cube.ide.mcu.externaltools.gnu-tools-for-stm32.9-2020-q2-update.win32_2.0.0.202105311346/tools/bin/../lib/gcc/arm-none-eabi/9.3.1/../../../../arm-none-eabi/lib/thumb/v7e-m+fp/hard\libc_nano.a(lib_a-exit.o)
                              e:/stm32ide/stm32cubeide_1.7.0/stm32cubeide/plugins/com.st.stm32cube.ide.mcu.externaltools.gnu-tools-for-stm32.9-2020-q2-update.win32_2.0.0.202105311346/tools/bin/../lib/gcc/arm-none-eabi/9.3.1/../../../../arm-none-eabi/lib/thumb/v7e-m+fp/hard/crt0.o (exit)
e:/stm32ide/stm32cubeide_1.7.0/stm32cubeide/plugins/com.st.stm32cube.ide.mcu.externaltools.gnu-tools-for-stm32.9-2020-q2-update.win32_2.0.0.202105311346/tools/bin/../lib/gcc/arm-none-eabi/9.3.1/../../../../arm-none-eabi/lib/thumb/v7e-m+fp/hard\libc_nano.a(lib_a-impure.o)
                              e:/stm32ide/stm32cubeide_1.7.0/stm32cubeide/plugins/com.st.stm32cube.ide.mcu.externaltools.gnu-tools-for-stm32.9-2020-q2-update.win32_2.0.0.202105311346/tools/bin/../lib/gcc/arm-none-eabi/9.3.1/../../../../arm-none-eabi/lib/thumb/v7e-m+fp/hard\libc_nano.a(lib_a-exit.o) (_global_impure_ptr)
e:/stm32ide/stm32cubeide_1.7.0/stm32cubeide/plugins/com.st.stm32cube.ide.mcu.externaltools.gnu-tools-for-stm32.9-2020-q2-update.win32_2.0.0.202105311346/tools/bin/../lib/gcc/arm-none-eabi/9.3.1/../../../../arm-none-eabi/lib/thumb/v7e-m+fp/hard\libc_nano.a(lib_a-init.o)
                              e:/stm32ide/stm32cubeide_1.7.0/stm32cubeide/plugins/com.st.stm32cube.ide.mcu.externaltools.gnu-tools-for-stm32.9-2020-q2-update.win32_2.0.0.202105311346/tools/bin/../lib/gcc/arm-none-eabi/9.3.1/../../../../arm-none-eabi/lib/thumb/v7e-m+fp/hard/crt0.o (__libc_init_array)
e:/stm32ide/stm32cubeide_1.7.0/stm32cubeide/plugins/com.st.stm32cube.ide.mcu.externaltools.gnu-tools-for-stm32.9-2020-q2-update.win32_2.0.0.202105311346/tools/bin/../lib/gcc/arm-none-eabi/9.3.1/../../../../arm-none-eabi/lib/thumb/v7e-m+fp/hard\libc_nano.a(lib_a-memset.o)
                              e:/stm32ide/stm32cubeide_1.7.0/stm32cubeide/plugins/com.st.stm32cube.ide.mcu.externaltools.gnu-tools-for-stm32.9-2020-q2-update.win32_2.0.0.202105311346/tools/bin/../lib/gcc/arm-none-eabi/9.3.1/../../../../arm-none-eabi/lib/thumb/v7e-m+fp/hard/crt0.o (memset)
e:/stm32ide/stm32cubeide_1.7.0/stm32cubeide/plugins/com.st.stm32cube.ide.mcu.externaltools.gnu-tools-for-stm32.9-2020-q2-update.win32_2.0.0.202105311346/tools/bin/../lib/gcc/arm-none-eabi/9.3.1/../../../../arm-none-eabi/lib/thumb/v7e-m+fp/hard\libc_nano.a(lib_a-sprintf.o)
                              ./Core/Src/uart.o (sprintf)
e:/stm32ide/stm32cubeide_1.7.0/stm32cubeide/plugins/com.st.stm32cube.ide.mcu.externaltools.gnu-tools-for-stm32.9-2020-q2-update.win32_2.0.0.202105311346/tools/bin/../lib/gcc/arm-none-eabi/9.3.1/../../../../arm-none-eabi/lib/thumb/v7e-m+fp/hard\libc_nano.a(lib_a-strlen.o)
                              ./Core/Src/lcd.o (strlen)
e:/stm32ide/stm32cubeide_1.7.0/stm32cubeide/plugins/com.st.stm32cube.ide.mcu.externaltools.gnu-tools-for-stm32.9-2020-q2-update.win32_2.0.0.202105311346/tools/bin/../lib/gcc/arm-none-eabi/9.3.1/../../../../arm-none-eabi/lib/thumb/v7e-m+fp/hard\libc_nano.a(lib_a-nano-svfprintf.o)
                              e:/stm32ide/stm32cubeide_1.7.0/stm32cubeide/plugins/com.st.stm32cube.ide.mcu.externaltools.gnu-tools-for-stm32.9-2020-q2-update.win32_2.0.0.202105311346/tools/bin/../lib/gcc/arm-none-eabi/9.3.1/../../../../arm-none-eabi/lib/thumb/v7e-m+fp/hard\libc_nano.a(lib_a-sprintf.o) (_svfprintf_r)
e:/stm32ide/stm32cubeide_1.7.0/stm32cubeide/plugins/com.st.stm32cube.ide.mcu.externaltools.gnu-tools-for-stm32.9-2020-q2-update.win32_2.0.0.202105311346/tools/bin/../lib/gcc/arm-none-eabi/9.3.1/../../../../arm-none-eabi/lib/thumb/v7e-m+fp/hard\libc_nano.a(lib_a-nano-vfprintf_i.o)
                              e:/stm32ide/stm32cubeide_1.7.0/stm32cubeide/plugins/com.st.stm32cube.ide.mcu.externaltools.gnu-tools-for-stm32.9-2020-q2-update.win32_2.0.0.202105311346/tools/bin/../lib/gcc/arm-none-eabi/9.3.1/../../../../arm-none-eabi/lib/thumb/v7e-m+fp/hard\libc_nano.a(lib_a-nano-svfprintf.o) (_printf_i)
e:/stm32ide/stm32cubeide_1.7.0/stm32cubeide/plugins/com.st.stm32cube.ide.mcu.externaltools.gnu-tools-for-stm32.9-2020-q2-update.win32_2.0.0.202105311346/tools/bin/../lib/gcc/arm-none-eabi/9.3.1/../../../../arm-none-eabi/lib/thumb/v7e-m+fp/hard\libc_nano.a(lib_a-memchr.o)
[...]
Memory Configuration

Name             Origin             Length             Attributes
CCMRAM           0x0000000010000000 0x0000000000010000 xrw
RAM              0x0000000020000000 0x0000000000020000 xrw
FLASH            0x0000000008000000 0x0000000000100000 xr
*default*        0x0000000000000000 0xffffffffffffffff

Linker script and memory map

LOAD e:/stm32ide/stm32cubeide_1.7.0/stm32cubeide/plugins/com.st.stm32cube.ide.mcu.externaltools.gnu-tools-for-stm32.9-2020-q2-update.win32_2.0.0.202105311346/tools/bin/../lib/gcc/arm-none-eabi/9.3.1/thumb/v7e-m+fp/hard/crti.o
LOAD e:/stm32ide/stm32cubeide_1.7.0/stm32cubeide/plugins/com.st.stm32cube.ide.mcu.externaltools.gnu-tools-for-stm32.9-2020-q2-update.win32_2.0.0.202105311346/tools/bin/../lib/gcc/arm-none-eabi/9.3.1/thumb/v7e-m+fp/hard/crtbegin.o
LOAD e:/stm32ide/stm32cubeide_1.7.0/stm32cubeide/plugins/com.st.stm32cube.ide.mcu.externaltools.gnu-tools-for-stm32.9-2020-q2-update.win32_2.0.0.202105311346/tools/bin/../lib/gcc/arm-none-eabi/9.3.1/../../../../arm-none-eabi/lib/thumb/v7e-m+fp/hard/crt0.o
LOAD ./Core/Src/adc.o
LOAD ./Core/Src/button.o
LOAD ./Core/Src/buzzer.o
LOAD ./Core/Src/dma.o
LOAD ./Core/Src/ds3231.o
LOAD ./Core/Src/fsmc.o
LOAD ./Core/Src/gpio.o
LOAD ./Core/Src/i2c.o
LOAD ./Core/Src/lcd.o
LOAD ./Core/Src/led_7seg.o
LOAD ./Core/Src/main.o
LOAD ./Core/Src/picture.o
LOAD ./Core/Src/sensor.o
LOAD ./Core/Src/software_timer.o
LOAD ./Core/Src/spi.o
LOAD ./Core/Src/stm32f4xx_hal_msp.o
LOAD ./Core/Src/stm32f4xx_it.o
LOAD ./Core/Src/syscalls.o
LOAD ./Core/Src/sysmem.o
LOAD ./Core/Src/system_stm32f4xx.o
LOAD ./Core/Src/tim.o
LOAD ./Core/Src/uart.o
LOAD ./Core/Src/usart.o
LOAD ./Core/Src/utils.o
LOAD ./Core/Startup/startup_stm32f407zgtx.o
LOAD ./Drivers/STM32F4xx_HAL_Driver/Src/stm32f4xx_hal.o
LOAD ./Drivers/STM32F4xx_HAL_Driver/Src/stm32f4xx_hal_adc.o
LOAD ./Drivers/STM32F4xx_HAL_Driver/Src/stm32f4xx_hal_adc_ex.o
LOAD ./Drivers/STM32F4xx_HAL_Driver/Src/stm32f4xx_hal_cortex.o
LOAD ./Drivers/STM32F4xx_HAL_Driver/Src/stm32f4xx_hal_dma.o
LOAD ./Drivers/STM32F4xx_HAL_Driver/Src/stm32f4xx_hal_dma_ex.o
LOAD ./Drivers/STM32F4xx_HAL_Driver/Src/stm32f4xx_hal_exti.o
LOAD ./Drivers/STM32F4xx_HAL_Driver/Src/stm32f4xx_hal_flash.o
LOAD ./Drivers/STM32F4xx_HAL_Driver/Src/stm32f4xx_hal_flash_ex.o
LOAD ./Drivers/STM32F4xx_HAL_Driver/Src/stm32f4xx_hal_flash_ramfunc.o
LOAD ./Drivers/STM32F4xx_HAL_Driver/Src/stm32f4xx_hal_gpio.o
LOAD ./Drivers/STM32F4xx_HAL_Driver/Src/stm32f4xx_hal_i2c.o
LOAD ./Drivers/STM32F4xx_HAL_Driver/Src/stm32f4xx_hal_i2c_ex.o
LOAD ./Drivers/STM32F4xx_HAL_Driver/Src/stm32f4xx_hal_pwr.o
LOAD ./Drivers/STM32F4xx_HAL_Driver/Src/stm32f4xx_hal_pwr_ex.o
LOAD ./Drivers/STM32F4xx_HAL_Driver/Src/stm32f4xx_hal_rcc.o
LOAD ./Drivers/STM32F4xx_HAL_Driver/Src/stm32f4xx_hal_rcc_ex.o
LOAD ./Drivers/STM32F4xx_HAL_Driver/Src/stm32f4xx_hal_spi.o
LOAD ./Drivers/STM32F4xx_HAL_Driver/Src/stm32f4xx_hal_sram.o
LOAD ./Drivers/STM32F4xx_HAL_Driver/Src/stm32f4xx_hal_tim.o
LOAD ./Drivers/STM32F4xx_HAL_Driver/Src/stm32f4xx_hal_tim_ex.o
LOAD ./Drivers/STM32F4xx_HAL_Driver/Src/stm32f4xx_hal_uart.o
LOAD ./Drivers/STM32F4xx_HAL_Driver/Src/stm32f4xx_ll_adc.o
LOAD ./Drivers/STM32F4xx_HAL_Driver/Src/stm32f4xx_ll_fsmc.o
START GROUP
LOAD e:/stm32ide/stm32cubeide_1.7.0/stm32cubeide/plugins/com.st.stm32cube.ide.mcu.externaltools.gnu-tools-for-stm32.9-2020-q2-update.win32_2.0.0.202105311346/tools/bin/../lib/gcc/arm-none-eabi/9.3.1/../../../../arm-none-eabi/lib/thumb/v7e-m+fp/hard\libc_nano.a
LOAD e:/stm32ide/stm32cubeide_1.7.0/stm32cubeide/plugins/com.st.stm32cube.ide.mcu.externaltools.gnu-tools-for-stm32.9-2020-q2-update.win32_2.0.0.202105311346/tools/bin/../lib/gcc/arm-none-eabi/9.3.1/../../../../arm-none-eabi/lib/thumb/v7e-m+fp/hard\libm.a
END GROUP
START GROUP
LOAD e:/stm32ide/stm32cubeide_1.7.0/stm32cubeide/plugins/com.st.stm32cube.ide.mcu.externaltools.gnu-tools-for-stm32.9-2020-q2-update.win32_2.0.0.202105311346/tools/bin/../lib/gcc/arm-none-eabi/9.3.1/thumb/v7e-m+fp/hard\libgcc.a
LOAD e:/stm32ide/stm32cubeide_1.7.0/stm32cubeide/plugins/com.st.stm32cube.ide.mcu.externaltools.gnu-tools-for-stm32.9-2020-q2-update.win32_2.0.0.202105311346/tools/bin/../lib/gcc/arm-none-eabi/9.3.1/../../../../arm-none-eabi/lib/thumb/v7e-m+fp/hard\libc_nano.a
END GROUP
START GROUP
LOAD e:/stm32ide/stm32cubeide_1.7.0/stm32cubeide/plugins/com.st.stm32cube.ide.mcu.externaltools.gnu-tools-for-stm32.9-2020-q2-update.win32_2.0.0.202105311346/tools/bin/../lib/gcc/arm-none-eabi/9.3.1/thumb/v7e-m+fp/hard\libgcc.a
LOAD e:/stm32ide/stm32cubeide_1.7.0/stm32cubeide/plugins/com.st.stm32cube.ide.mcu.externaltools.gnu-tools-for-stm32.9-2020-q2-update.win32_2.0.0.202105311346/tools/bin/../lib/gcc/arm-none-eabi/9.3.1/../../../../arm-none-eabi/lib/thumb/v7e-m+fp/hard\libc_nano.a
LOAD e:/stm32ide/stm32cubeide_1.7.0/stm32cubeide/plugins/com.st.stm32cube.ide.mcu.externaltools.gnu-tools-for-stm32.9-2020-q2-update.win32_2.0.0.202105311346/tools/bin/../lib/gcc/arm-none-eabi/9.3.1/../../../../arm-none-eabi/lib/thumb/v7e-m+fp/hard\libnosys.a
END GROUP
START GROUP
LOAD e:/stm32ide/stm32cubeide_1.7.0/stm32cubeide/plugins/com.st.stm32cube.ide.mcu.externaltools.gnu-tools-for-stm32.9-2020-q2-update.win32_2.0.0.202105311346/tools/bin/../lib/gcc/arm-none-eabi/9.3.1/thumb/v7e-m+fp/hard\libgcc.a
LOAD e:/stm32ide/stm32cubeide_1.7.0/stm32cubeide/plugins/com.st.stm32cube.ide.mcu.externaltools.gnu-tools-for-stm32.9-2020-q2-update.win32_2.0.0.202105311346/tools/bin/../lib/gcc/arm-none-eabi/9.3.1/../../../../arm-none-eabi/lib/thumb/v7e-m+fp/hard\libc_nano.a
LOAD e:/stm32ide/stm32cubeide_1.7.0/stm32cubeide/plugins/com.st.stm32cube.ide.mcu.externaltools.gnu-tools-for-stm32.9-2020-q2-update.win32_2.0.0.202105311346/tools/bin/../lib/gcc/arm-none-eabi/9.3.1/../../../../arm-none-eabi/lib/thumb/v7e-m+fp/hard\libnosys.a
END GROUP
LOAD e:/stm32ide/stm32cubeide_1.7.0/stm32cubeide/plugins/com.st.stm32cube.ide.mcu.externaltools.gnu-tools-for-stm32.9-2020-q2-update.win32_2.0.0.202105311346/tools/bin/../lib/gcc/arm-none-eabi/9.3.1/thumb/v7e-m+fp/hard/crtend.o
LOAD e:/stm32ide/stm32cubeide_1.7.0/stm32cubeide/plugins/com.st.stm32cube.ide.mcu.externaltools.gnu-tools-for-stm32.9-2020-q2-update.win32_2.0.0.202105311346/tools/bin/../lib/gcc/arm-none-eabi/9.3.1/thumb/v7e-m+fp/hard/crtn.o
                0x0000000020020000                _estack = (ORIGIN (RAM) + LENGTH (RAM))
                0x0000000000000200                _Min_Heap_Size = 0x200
                0x0000000000000400                _Min_Stack_Size = 0x400

.isr_vector     0x0000000008000000      0x188
                0x0000000008000000                . = ALIGN (0x4)
 *(.isr_vector)
 .isr_vector    0x0000000008000000      0x188 ./Core/Startup/startup_stm32f407zgtx.o
                0x0000000008000000                g_pfnVectors
                0x0000000008000188                . = ALIGN (0x4)

.text           0x0000000008000190     0x974c
                0x0000000008000190                . = ALIGN (0x4)
 *(.text)
 .text          0x0000000008000190       0x40 e:/stm32ide/stm32cubeide_1.7.0/stm32cubeide/plugins/com.st.stm32cube.ide.mcu.externaltools.gnu-tools-for-stm32.9-2020-q2-update.win32_2.0.0.202105311346/tools/bin/../lib/gcc/arm-none-eabi/9.3.1/thumb/v7e-m+fp/hard/crtbegin.o
 .text          0x00000000080001d0       0xa0 e:/stm32ide/stm32cubeide_1.7.0/stm32cubeide/plugins/com.st.stm32cube.ide.mcu.externaltools.gnu-tools-for-stm32.9-2020-q2-update.win32_2.0.0.202105311346/tools/bin/../lib/gcc/arm-none-eabi/9.3.1/../../../../arm-none-eabi/lib/thumb/v7e-m+fp/hard\libc_nano.a(lib_a-memchr.o)
                0x00000000080001d0                memchr
 .text          0x0000000008000270      0x378 e:/stm32ide/stm32cubeide_1.7.0/stm32cubeide/plugins/com.st.stm32cube.ide.mcu.externaltools.gnu-tools-for-stm32.9-2020-q2-update.win32_2.0.0.202105311346/tools/bin/../lib/gcc/arm-none-eabi/9.3.1/thumb/v7e-m+fp/hard\libgcc.a(_arm_addsubdf3.o)
                0x0000000008000270                __aeabi_drsub
                0x0000000008000278                __aeabi_dsub
                0x0000000008000278                __subdf3
                0x000000000800027c                __aeabi_dadd
                0x000000000800027c                __adddf3
                0x00000000080004f4                __floatunsidf
                0x00000000080004f4                __aeabi_ui2d
                0x0000000008000514                __floatsidf
                0x0000000008000514                __aeabi_i2d
                0x0000000008000538                __aeabi_f2d
                0x0000000008000538                __extendsfdf2
                0x000000000800057c                __floatundidf
                0x000000000800057c                __aeabi_ul2d
                0x000000000800058c                __floatdidf
                0x000000000800058c                __aeabi_l2d
 .text          0x00000000080005e8      0x424 e:/stm32ide/stm32cubeide_1.7.0/stm32cubeide/plugins/com.st.stm32cube.ide.mcu.externaltools.gnu-tools-for-stm32.9-2020-q2-update.win32_2.0.0.202105311346/tools/bin/../lib/gcc/arm-none-eabi/9.3.1/thumb/v7e-m+fp/hard\libgcc.a(_arm_muldivdf3.o)
                0x00000000080005e8                __aeabi_dmul
                0x00000000080005e8                __muldf3
                0x000000000800083c                __divdf3
                0x000000000800083c                __aeabi_ddiv
 .text          0x0000000008000a0c       0xa0 e:/stm32ide/stm32cubeide_1.7.0/stm32cubeide/plugins/com.st.stm32cube.ide.mcu.externaltools.gnu-tools-for-stm32.9-2020-q2-update.win32_2.0.0.202105311346/tools/bin/../lib/gcc/arm-none-eabi/9.3.1/thumb/v7e-m+fp/hard\libgcc.a(_arm_truncdfsf2.o)
                0x0000000008000a0c                __truncdfsf2
                0x0000000008000a0c                __aeabi_d2f
 .text          0x0000000008000aac       0x30 e:/stm32ide/stm32cubeide_1.7.0/stm32cubeide/plugins/com.st.stm32cube.ide.mcu.externaltools.gnu-tools-for-stm32.9-2020-q2-update.win32_2.0.0.202105311346/tools/bin/../lib/gcc/arm-none-eabi/9.3.1/thumb/v7e-m+fp/hard\libgcc.a(_aeabi_uldivmod.o)
                0x0000000008000aac                __aeabi_uldivmod
 .text          0x0000000008000adc      0x2c4 e:/stm32ide/stm32cubeide_1.7.0/stm32cubeide/plugins/com.st.stm32cube.ide.mcu.externaltools.gnu-tools-for-stm32.9-2020-q2-update.win32_2.0.0.202105311346/tools/bin/../lib/gcc/arm-none-eabi/9.3.1/thumb/v7e-m+fp/hard\libgcc.a(_udivmoddi4.o)
                0x0000000008000adc                __udivmoddi4
 .text          0x0000000008000da0        0x4 e:/stm32ide/stm32cubeide_1.7.0/stm32cubeide/plugins/com.st.stm32cube.ide.mcu.externaltools.gnu-tools-for-stm32.9-2020-q2-update.win32_2.0.0.202105311346/tools/bin/../lib/gcc/arm-none-eabi/9.3.1/thumb/v7e-m+fp/hard\libgcc.a(_dvmd_tls.o)
                0x0000000008000da0                __aeabi_idiv0
                0x0000000008000da0                __aeabi_ldiv0
 *(.text*)
 .text.MX_ADC1_Init
                0x0000000008000da4      0x114 ./Core/Src/adc.o
                0x0000000008000da4                MX_ADC1_Init
 .text.HAL_ADC_MspInit
                0x0000000008000eb8      0x128 ./Core/Src/adc.o
                0x0000000008000eb8                HAL_ADC_MspInit
 .text.button_init
                0x0000000008000fe0       0x18 ./Core/Src/button.o
                0x0000000008000fe0                button_init
 .text.button_Scan
                0x0000000008000ff8       0xd8 ./Core/Src/button.o
                0x0000000008000ff8                button_Scan
 .text.buzzer_init
                0x00000000080010d0       0x14 ./Core/Src/buzzer.o
                0x00000000080010d0                buzzer_init
 .text.buzzer_SetVolume
                0x00000000080010e4       0x30 ./Core/Src/buzzer.o
                0x00000000080010e4                buzzer_SetVolume
 .text.MX_DMA_Init
                0x0000000008001114       0x40 ./Core/Src/dma.o
                0x0000000008001114                MX_DMA_Init
 .text.ds3231_init
                0x0000000008001154       0x60 ./Core/Src/ds3231.o
                0x0000000008001154                ds3231_init
 .text.ds3231_Write
                0x00000000080011b4       0x44 ./Core/Src/ds3231.o
                0x00000000080011b4                ds3231_Write
 .text.ds3231_ReadTime
                0x00000000080011f8       0xc8 ./Core/Src/ds3231.o
                0x00000000080011f8                ds3231_ReadTime
 .text.MX_FSMC_Init
                0x00000000080012c0       0xf4 ./Core/Src/fsmc.o
                0x00000000080012c0                MX_FSMC_Init
 .text.HAL_FSMC_MspInit
                0x00000000080013b4       0x98 ./Core/Src/fsmc.o
 .text.HAL_SRAM_MspInit
                0x000000000800144c       0x14 ./Core/Src/fsmc.o
                0x000000000800144c                HAL_SRAM_MspInit
 .text.MX_GPIO_Init
                0x0000000008001460      0x20c ./Core/Src/gpio.o
                0x0000000008001460                MX_GPIO_Init
 .text.MX_I2C1_Init
                0x000000000800166c       0x5c ./Core/Src/i2c.o
                0x000000000800166c                MX_I2C1_Init
 .text.HAL_I2C_MspInit
                0x00000000080016c8       0x90 ./Core/Src/i2c.o
                0x00000000080016c8                HAL_I2C_MspInit
 .text.LCD_WR_REG
                0x0000000008001758       0x20 ./Core/Src/lcd.o
                0x0000000008001758                LCD_WR_REG
 .text.LCD_WR_DATA
                0x0000000008001778       0x20 ./Core/Src/lcd.o
 .text.LCD_RD_DATA
                0x0000000008001798       0x24 ./Core/Src/lcd.o
 .text.lcd_AddressSet
                0x00000000080017bc       0x98 ./Core/Src/lcd.o
                0x00000000080017bc                lcd_AddressSet
 .text.lcd_Clear
                0x0000000008001854       0x64 ./Core/Src/lcd.o
                0x0000000008001854                lcd_Clear
 .text.lcd_DrawPoint
                0x00000000080018b8       0x2e ./Core/Src/lcd.o
                0x00000000080018b8                lcd_DrawPoint
 .text.lcd_DrawLine
                0x00000000080018e6      0x108 ./Core/Src/lcd.o
                0x00000000080018e6                lcd_DrawLine
 .text.lcd_DrawRectangle
                0x00000000080019ee       0x6e ./Core/Src/lcd.o
                0x00000000080019ee                lcd_DrawRectangle
 .text.lcd_ShowChar
                0x0000000008001a5c      0x1a0 ./Core/Src/lcd.o
                0x0000000008001a5c                lcd_ShowChar
 .text.mypow    0x0000000008001bfc       0x38 ./Core/Src/lcd.o
                0x0000000008001bfc                mypow
 .text.lcd_ShowIntNum
                0x0000000008001c34       0xfc ./Core/Src/lcd.o
                0x0000000008001c34                lcd_ShowIntNum
 .text.lcd_ShowFloatNum
                0x0000000008001d30      0x110 ./Core/Src/lcd.o
                0x0000000008001d30                lcd_ShowFloatNum
 .text.lcd_SetDir
                0x0000000008001e40       0x48 ./Core/Src/lcd.o
                0x0000000008001e40                lcd_SetDir
 .text.lcd_init
                0x0000000008001e88      0x2c0 ./Core/Src/lcd.o
                0x0000000008001e88                lcd_init
 .text.lcd_ShowStr
                0x0000000008002148       0xc8 ./Core/Src/lcd.o
                0x0000000008002148                lcd_ShowStr
 .text.led7_Scan
                0x0000000008002210      0x118 ./Core/Src/led_7seg.o
                0x0000000008002210                led7_Scan
 .text.led7_SetDigit
                0x0000000008002328       0x48 ./Core/Src/led_7seg.o
                0x0000000008002328                led7_SetDigit
 .text.led7_SetColon
                0x0000000008002370       0x40 ./Core/Src/led_7seg.o
                0x0000000008002370                led7_SetColon
 .text.main     0x00000000080023b0       0x78 ./Core/Src/main.o
                0x00000000080023b0                main
 .text.SystemClock_Config
                0x0000000008002428       0xd4 ./Core/Src/main.o
                0x0000000008002428                SystemClock_Config
 .text.system_init
                0x00000000080024fc       0x2a ./Core/Src/main.o
                0x00000000080024fc                system_init
 *fill*         0x0000000008002526        0x2 
 .text.test_LedDebug
                0x0000000008002528       0x48 ./Core/Src/main.o
                0x0000000008002528                test_LedDebug
 .text.test_Adc
                0x0000000008002570      0x164 ./Core/Src/main.o
                0x0000000008002570                test_Adc
 .text.test_Buzzer
                0x00000000080026d4       0x58 ./Core/Src/main.o
                0x00000000080026d4                test_Buzzer
 .text.test_Uart
                0x000000000800272c       0xcc ./Core/Src/main.o
                0x000000000800272c                test_Uart
 .text.updateTime
                0x00000000080027f8       0x40 ./Core/Src/main.o
                0x00000000080027f8                updateTime
 .text.displayTime
                0x0000000008002838       0x88 ./Core/Src/main.o
                0x0000000008002838                displayTime
 .text.Error_Handler
                0x00000000080028c0        0xa ./Core/Src/main.o
                0x00000000080028c0                Error_Handler
 *fill*         0x00000000080028ca        0x2 
 .text.sensor_init
                0x00000000080028cc       0x1c ./Core/Src/sensor.o
                0x00000000080028cc                sensor_init
 .text.sensor_Read
                0x00000000080028e8       0x1c ./Core/Src/sensor.o
                0x00000000080028e8                sensor_Read
 .text.sensor_GetTemperature
                0x0000000008002904       0x3c ./Core/Src/sensor.o
                0x0000000008002904                sensor_GetTemperature
 .text.sensor_GetPowerConsumption
                0x0000000008002940      0x11c ./Core/Src/sensor.o
                0x0000000008002940                sensor_GetPowerConsumption
 .text.sensor_GetHumidity
                0x0000000008002a5c       0x5c ./Core/Src/sensor.o
                0x0000000008002a5c                sensor_GetHumidity
 .text.sensor_GetLightIntensity
                0x0000000008002ab8       0x2c ./Core/Src/sensor.o
                0x0000000008002ab8                sensor_GetLightIntensity
 .text.timer_init
                0x0000000008002ae4       0x14 ./Core/Src/software_timer.o
                0x0000000008002ae4                timer_init
 .text.setTimer2
                0x0000000008002af8       0x38 ./Core/Src/software_timer.o
                0x0000000008002af8                setTimer2
 .text.HAL_TIM_PeriodElapsedCallback
                0x0000000008002b30       0x54 ./Core/Src/software_timer.o
                0x0000000008002b30                HAL_TIM_PeriodElapsedCallback
 .text.MX_SPI1_Init
                0x0000000008002b84       0x6c ./Core/Src/spi.o
                0x0000000008002b84                MX_SPI1_Init
 .text.HAL_SPI_MspInit
                0x0000000008002bf0       0x90 ./Core/Src/spi.o
                0x0000000008002bf0                HAL_SPI_MspInit
 .text.HAL_MspInit
                0x0000000008002c80       0x50 ./Core/Src/stm32f4xx_hal_msp.o
                0x0000000008002c80                HAL_MspInit
 .text.NMI_Handler
                0x0000000008002cd0        0x6 ./Core/Src/stm32f4xx_it.o
                0x0000000008002cd0                NMI_Handler
 .text.HardFault_Handler
                0x0000000008002cd6        0x6 ./Core/Src/stm32f4xx_it.o
                0x0000000008002cd6                HardFault_Handler
 .text.MemManage_Handler
                0x0000000008002cdc        0x6 ./Core/Src/stm32f4xx_it.o
                0x0000000008002cdc                MemManage_Handler
 .text.BusFault_Handler
                0x0000000008002ce2        0x6 ./Core/Src/stm32f4xx_it.o
                0x0000000008002ce2                BusFault_Handler
 .text.UsageFault_Handler
                0x0000000008002ce8        0x6 ./Core/Src/stm32f4xx_it.o
                0x0000000008002ce8                UsageFault_Handler
 .text.SVC_Handler
                0x0000000008002cee        0xe ./Core/Src/stm32f4xx_it.o
                0x0000000008002cee                SVC_Handler
 .text.DebugMon_Handler
                0x0000000008002cfc        0xe ./Core/Src/stm32f4xx_it.o
                0x0000000008002cfc                DebugMon_Handler
 .text.PendSV_Handler
                0x0000000008002d0a        0xe ./Core/Src/stm32f4xx_it.o
                0x0000000008002d0a                PendSV_Handler
 .text.SysTick_Handler
                0x0000000008002d18        0xc ./Core/Src/stm32f4xx_it.o
                0x0000000008002d18                SysTick_Handler
 .text.TIM2_IRQHandler
                0x0000000008002d24       0x14 ./Core/Src/stm32f4xx_it.o
                0x0000000008002d24                TIM2_IRQHandler
 .text.USART1_IRQHandler
                0x0000000008002d38       0x14 ./Core/Src/stm32f4xx_it.o
                0x0000000008002d38                USART1_IRQHandler
 .text.DMA2_Stream0_IRQHandler
                0x0000000008002d4c       0x14 ./Core/Src/stm32f4xx_it.o
                0x0000000008002d4c                DMA2_Stream0_IRQHandler
 .text._sbrk    0x0000000008002d60       0x6c ./Core/Src/sysmem.o
                0x0000000008002d60                _sbrk
 .text.SystemInit
                0x0000000008002dcc       0x24 ./Core/Src/system_stm32f4xx.o
                0x0000000008002dcc                SystemInit
 .text.MX_TIM2_Init
                0x0000000008002df0       0x98 ./Core/Src/tim.o
                0x0000000008002df0                MX_TIM2_Init
 .text.MX_TIM13_Init
                0x0000000008002e88       0x9c ./Core/Src/tim.o
                0x0000000008002e88                MX_TIM13_Init
 .text.HAL_TIM_Base_MspInit
                0x0000000008002f24       0x78 ./Core/Src/tim.o
                0x0000000008002f24                HAL_TIM_Base_MspInit
 .text.HAL_TIM_MspPostInit
                0x0000000008002f9c       0x74 ./Core/Src/tim.o
                0x0000000008002f9c                HAL_TIM_MspPostInit
 .text.uart_init_rs232
                0x0000000008003010       0x1c ./Core/Src/uart.o
                0x0000000008003010                uart_init_rs232
 .text.uart_Rs232SendString
                0x000000000800302c       0x34 ./Core/Src/uart.o
                0x000000000800302c                uart_Rs232SendString
 .text.uart_Rs232SendNum
                0x0000000008003060       0xac ./Core/Src/uart.o
                0x0000000008003060                uart_Rs232SendNum
 .text.HAL_UART_RxCpltCallback
                0x000000000800310c       0x34 ./Core/Src/uart.o
                0x000000000800310c                HAL_UART_RxCpltCallback
 .text.MX_USART1_UART_Init
                0x0000000008003140       0x54 ./Core/Src/usart.o
                0x0000000008003140                MX_USART1_UART_Init
 .text.HAL_UART_MspInit
                0x0000000008003194       0xa0 ./Core/Src/usart.o
                0x0000000008003194                HAL_UART_MspInit
 .text.BCD2DEC  0x0000000008003234       0x32 ./Core/Src/utils.o
                0x0000000008003234                BCD2DEC
 *fill*         0x0000000008003266        0x2 
 .text.DEC2BCD  0x0000000008003268       0x48 ./Core/Src/utils.o
                0x0000000008003268                DEC2BCD
 .text.Reset_Handler
                0x00000000080032b0       0x50 ./Core/Startup/startup_stm32f407zgtx.o
                0x00000000080032b0                Reset_Handler
 .text.Default_Handler
                0x0000000008003300        0x2 ./Core/Startup/startup_stm32f407zgtx.o
                0x0000000008003300                RTC_Alarm_IRQHandler
                0x0000000008003300                HASH_RNG_IRQHandler
                0x0000000008003300                EXTI2_IRQHandler
                0x0000000008003300                TIM8_CC_IRQHandler
                0x0000000008003300                TIM1_CC_IRQHandler
                0x0000000008003300                DMA2_Stream5_IRQHandler
                0x0000000008003300                DMA1_Stream5_IRQHandler
                0x0000000008003300                PVD_IRQHandler
                0x0000000008003300                SDIO_IRQHandler
                0x0000000008003300                TAMP_STAMP_IRQHandler
                0x0000000008003300                CAN2_RX1_IRQHandler
                0x0000000008003300                EXTI3_IRQHandler
                0x0000000008003300                TIM8_TRG_COM_TIM14_IRQHandler
                0x0000000008003300                TIM1_UP_TIM10_IRQHandler
                0x0000000008003300                TIM8_UP_TIM13_IRQHandler
                0x0000000008003300                I2C3_ER_IRQHandler
                0x0000000008003300                EXTI0_IRQHandler
                0x0000000008003300                I2C2_EV_IRQHandler
                0x0000000008003300                DMA1_Stream2_IRQHandler
                0x0000000008003300                CAN1_RX0_IRQHandler
                0x0000000008003300                FPU_IRQHandler
                0x0000000008003300                OTG_HS_WKUP_IRQHandler
                0x0000000008003300                CAN2_SCE_IRQHandler
                0x0000000008003300                DMA2_Stream2_IRQHandler
                0x0000000008003300                SPI1_IRQHandler
                0x0000000008003300                TIM6_DAC_IRQHandler
                0x0000000008003300                TIM1_BRK_TIM9_IRQHandler
                0x0000000008003300                DCMI_IRQHandler
                0x0000000008003300                CAN2_RX0_IRQHandler
                0x0000000008003300                DMA2_Stream3_IRQHandler
                0x0000000008003300                USART6_IRQHandler
                0x0000000008003300                USART3_IRQHandler
                0x0000000008003300                CAN1_RX1_IRQHandler
                0x0000000008003300                UART5_IRQHandler
                0x0000000008003300                TIM4_IRQHandler
                0x0000000008003300                I2C1_EV_IRQHandler
                0x0000000008003300                DMA1_Stream6_IRQHandler
                0x0000000008003300                DMA1_Stream1_IRQHandler
                0x0000000008003300                UART4_IRQHandler
                0x0000000008003300                TIM3_IRQHandler
                0x0000000008003300                RCC_IRQHandler
                0x0000000008003300                TIM8_BRK_TIM12_IRQHandler
                0x0000000008003300                Default_Handler
                0x0000000008003300                EXTI15_10_IRQHandler
                0x0000000008003300                ADC_IRQHandler
                0x0000000008003300                DMA1_Stream7_IRQHandler
                0x0000000008003300                TIM7_IRQHandler
                0x0000000008003300                CAN2_TX_IRQHandler
                0x0000000008003300                TIM5_IRQHandler
                0x0000000008003300                DMA2_Stream7_IRQHandler
                0x0000000008003300                I2C3_EV_IRQHandler
                0x0000000008003300                EXTI9_5_IRQHandler
                0x0000000008003300                RTC_WKUP_IRQHandler
                0x0000000008003300                ETH_WKUP_IRQHandler
                0x0000000008003300                SPI2_IRQHandler
                0x0000000008003300                OTG_HS_EP1_IN_IRQHandler
                0x0000000008003300                DMA1_Stream0_IRQHandler
                0x0000000008003300                CAN1_TX_IRQHandler
                0x0000000008003300                EXTI4_IRQHandler
                0x0000000008003300                FSMC_IRQHandler
                0x0000000008003300                ETH_IRQHandler
                0x0000000008003300                OTG_HS_EP1_OUT_IRQHandler
                0x0000000008003300                WWDG_IRQHandler
                0x0000000008003300                OTG_FS_WKUP_IRQHandler
                0x0000000008003300                TIM1_TRG_COM_TIM11_IRQHandler
                0x0000000008003300                OTG_HS_IRQHandler
                0x0000000008003300                EXTI1_IRQHandler
                0x0000000008003300                USART2_IRQHandler
                0x0000000008003300                I2C2_ER_IRQHandler
                0x0000000008003300                DMA2_Stream1_IRQHandler
                0x0000000008003300                CAN1_SCE_IRQHandler
                0x0000000008003300                FLASH_IRQHandler
                0x0000000008003300                DMA2_Stream4_IRQHandler
                0x0000000008003300                OTG_FS_IRQHandler
                0x0000000008003300                SPI3_IRQHandler
                0x0000000008003300                DMA1_Stream4_IRQHandler
                0x0000000008003300                I2C1_ER_IRQHandler
                0x0000000008003300                DMA2_Stream6_IRQHandler
                0x0000000008003300                DMA1_Stream3_IRQHandler
 *fill*         0x0000000008003302        0x2 
 .text.HAL_Init
                0x0000000008003304       0x44 ./Drivers/STM32F4xx_HAL_Driver/Src/stm32f4xx_hal.o
                0x0000000008003304                HAL_Init
 .text.HAL_InitTick
                0x0000000008003348       0x60 ./Drivers/STM32F4xx_HAL_Driver/Src/stm32f4xx_hal.o
                0x0000000008003348                HAL_InitTick
 .text.HAL_IncTick
                0x00000000080033a8       0x28 ./Drivers/STM32F4xx_HAL_Driver/Src/stm32f4xx_hal.o
                0x00000000080033a8                HAL_IncTick
 .text.HAL_GetTick
                0x00000000080033d0       0x18 ./Drivers/STM32F4xx_HAL_Driver/Src/stm32f4xx_hal.o
                0x00000000080033d0                HAL_GetTick
 .text.HAL_Delay
                0x00000000080033e8       0x48 ./Drivers/STM32F4xx_HAL_Driver/Src/stm32f4xx_hal.o
                0x00000000080033e8                HAL_Delay
 .text.HAL_ADC_Init
                0x0000000008003430       0x86 ./Drivers/STM32F4xx_HAL_Driver/Src/stm32f4xx_hal_adc.o
                0x0000000008003430                HAL_ADC_Init
 *fill*         0x00000000080034b6        0x2 
 .text.HAL_ADC_Start_DMA
                0x00000000080034b8      0x220 ./Drivers/STM32F4xx_HAL_Driver/Src/stm32f4xx_hal_adc.o
                0x00000000080034b8                HAL_ADC_Start_DMA
 .text.HAL_ADC_ConvCpltCallback
                0x00000000080036d8       0x14 ./Drivers/STM32F4xx_HAL_Driver/Src/stm32f4xx_hal_adc.o
                0x00000000080036d8                HAL_ADC_ConvCpltCallback
 .text.HAL_ADC_ConvHalfCpltCallback
                0x00000000080036ec       0x14 ./Drivers/STM32F4xx_HAL_Driver/Src/stm32f4xx_hal_adc.o
                0x00000000080036ec                HAL_ADC_ConvHalfCpltCallback
 .text.HAL_ADC_ErrorCallback
                0x0000000008003700       0x14 ./Drivers/STM32F4xx_HAL_Driver/Src/stm32f4xx_hal_adc.o
                0x0000000008003700                HAL_ADC_ErrorCallback
 .text.HAL_ADC_ConfigChannel
                0x0000000008003714      0x244 ./Drivers/STM32F4xx_HAL_Driver/Src/stm32f4xx_hal_adc.o
                0x0000000008003714                HAL_ADC_ConfigChannel
 .text.ADC_Init
                0x0000000008003958      0x1f8 ./Drivers/STM32F4xx_HAL_Driver/Src/stm32f4xx_hal_adc.o
 .text.ADC_DMAConvCplt
                0x0000000008003b50       0xba ./Drivers/STM32F4xx_HAL_Driver/Src/stm32f4xx_hal_adc.o
 .text.ADC_DMAHalfConvCplt
                0x0000000008003c0a       0x1c ./Drivers/STM32F4xx_HAL_Driver/Src/stm32f4xx_hal_adc.o
 .text.ADC_DMAError
                0x0000000008003c26       0x2e ./Drivers/STM32F4xx_HAL_Driver/Src/stm32f4xx_hal_adc.o
 .text.__NVIC_SetPriorityGrouping
                0x0000000008003c54       0x48 ./Drivers/STM32F4xx_HAL_Driver/Src/stm32f4xx_hal_cortex.o
 .text.__NVIC_GetPriorityGrouping
                0x0000000008003c9c       0x1c ./Drivers/STM32F4xx_HAL_Driver/Src/stm32f4xx_hal_cortex.o
 .text.__NVIC_EnableIRQ
                0x0000000008003cb8       0x3c ./Drivers/STM32F4xx_HAL_Driver/Src/stm32f4xx_hal_cortex.o
 .text.__NVIC_SetPriority
                0x0000000008003cf4       0x54 ./Drivers/STM32F4xx_HAL_Driver/Src/stm32f4xx_hal_cortex.o
 .text.NVIC_EncodePriority
                0x0000000008003d48       0x66 ./Drivers/STM32F4xx_HAL_Driver/Src/stm32f4xx_hal_cortex.o
 *fill*         0x0000000008003dae        0x2 
 .text.SysTick_Config
                0x0000000008003db0       0x44 ./Drivers/STM32F4xx_HAL_Driver/Src/stm32f4xx_hal_cortex.o
 .text.HAL_NVIC_SetPriorityGrouping
                0x0000000008003df4       0x16 ./Drivers/STM32F4xx_HAL_Driver/Src/stm32f4xx_hal_cortex.o
                0x0000000008003df4                HAL_NVIC_SetPriorityGrouping
 .text.HAL_NVIC_SetPriority
                0x0000000008003e0a       0x38 ./Drivers/STM32F4xx_HAL_Driver/Src/stm32f4xx_hal_cortex.o
                0x0000000008003e0a                HAL_NVIC_SetPriority
 .text.HAL_NVIC_EnableIRQ
                0x0000000008003e42       0x1c ./Drivers/STM32F4xx_HAL_Driver/Src/stm32f4xx_hal_cortex.o
                0x0000000008003e42                HAL_NVIC_EnableIRQ
 .text.HAL_SYSTICK_Config
                0x0000000008003e5e       0x18 ./Drivers/STM32F4xx_HAL_Driver/Src/stm32f4xx_hal_cortex.o
                0x0000000008003e5e                HAL_SYSTICK_Config
 *fill*         0x0000000008003e76        0x2 
 .text.HAL_DMA_Init
                0x0000000008003e78      0x15c ./Drivers/STM32F4xx_HAL_Driver/Src/stm32f4xx_hal_dma.o
                0x0000000008003e78                HAL_DMA_Init
 .text.HAL_DMA_Start_IT
                0x0000000008003fd4       0xb0 ./Drivers/STM32F4xx_HAL_Driver/Src/stm32f4xx_hal_dma.o
                0x0000000008003fd4                HAL_DMA_Start_IT
 .text.HAL_DMA_Abort
                0x0000000008004084       0xe0 ./Drivers/STM32F4xx_HAL_Driver/Src/stm32f4xx_hal_dma.o
                0x0000000008004084                HAL_DMA_Abort
 .text.HAL_DMA_Abort_IT
                0x0000000008004164       0x44 ./Drivers/STM32F4xx_HAL_Driver/Src/stm32f4xx_hal_dma.o
                0x0000000008004164                HAL_DMA_Abort_IT
 .text.HAL_DMA_IRQHandler
                0x00000000080041a8      0x314 ./Drivers/STM32F4xx_HAL_Driver/Src/stm32f4xx_hal_dma.o
                0x00000000080041a8                HAL_DMA_IRQHandler
 .text.DMA_SetConfig
                0x00000000080044bc       0x5c ./Drivers/STM32F4xx_HAL_Driver/Src/stm32f4xx_hal_dma.o
 .text.DMA_CalcBaseAndBitshift
                0x0000000008004518       0x6c ./Drivers/STM32F4xx_HAL_Driver/Src/stm32f4xx_hal_dma.o
 .text.DMA_CheckFifoParam
                0x0000000008004584       0xf8 ./Drivers/STM32F4xx_HAL_Driver/Src/stm32f4xx_hal_dma.o
 .text.HAL_GPIO_Init
                0x000000000800467c      0x338 ./Drivers/STM32F4xx_HAL_Driver/Src/stm32f4xx_hal_gpio.o
                0x000000000800467c                HAL_GPIO_Init
 .text.HAL_GPIO_WritePin
                0x00000000080049b4       0x32 ./Drivers/STM32F4xx_HAL_Driver/Src/stm32f4xx_hal_gpio.o
                0x00000000080049b4                HAL_GPIO_WritePin
 .text.HAL_GPIO_TogglePin
                0x00000000080049e6       0x34 ./Drivers/STM32F4xx_HAL_Driver/Src/stm32f4xx_hal_gpio.o
                0x00000000080049e6                HAL_GPIO_TogglePin
 *fill*         0x0000000008004a1a        0x2 
 .text.HAL_I2C_Init
                0x0000000008004a1c      0x288 ./Drivers/STM32F4xx_HAL_Driver/Src/stm32f4xx_hal_i2c.o
                0x0000000008004a1c                HAL_I2C_Init
 .text.HAL_I2C_Mem_Write
                0x0000000008004ca4      0x1f4 ./Drivers/STM32F4xx_HAL_Driver/Src/stm32f4xx_hal_i2c.o
                0x0000000008004ca4                HAL_I2C_Mem_Write
 .text.HAL_I2C_Mem_Read
                0x0000000008004e98      0x44c ./Drivers/STM32F4xx_HAL_Driver/Src/stm32f4xx_hal_i2c.o
                0x0000000008004e98                HAL_I2C_Mem_Read
 .text.I2C_RequestMemoryWrite
                0x00000000080052e4      0x12c ./Drivers/STM32F4xx_HAL_Driver/Src/stm32f4xx_hal_i2c.o
 .text.I2C_RequestMemoryRead
                0x0000000008005410      0x1d0 ./Drivers/STM32F4xx_HAL_Driver/Src/stm32f4xx_hal_i2c.o
 .text.I2C_WaitOnFlagUntilTimeout
                0x00000000080055e0       0xae ./Drivers/STM32F4xx_HAL_Driver/Src/stm32f4xx_hal_i2c.o
 .text.I2C_WaitOnMasterAddressFlagUntilTimeout
                0x000000000800568e       0xfe ./Drivers/STM32F4xx_HAL_Driver/Src/stm32f4xx_hal_i2c.o
 .text.I2C_WaitOnTXEFlagUntilTimeout
                0x000000000800578c       0x82 ./Drivers/STM32F4xx_HAL_Driver/Src/stm32f4xx_hal_i2c.o
 .text.I2C_WaitOnBTFFlagUntilTimeout
                0x000000000800580e       0x82 ./Drivers/STM32F4xx_HAL_Driver/Src/stm32f4xx_hal_i2c.o
 .text.I2C_WaitOnRXNEFlagUntilTimeout
                0x0000000008005890       0xac ./Drivers/STM32F4xx_HAL_Driver/Src/stm32f4xx_hal_i2c.o
 .text.I2C_IsAcknowledgeFailed
                0x000000000800593c       0x5e ./Drivers/STM32F4xx_HAL_Driver/Src/stm32f4xx_hal_i2c.o
 *fill*         0x000000000800599a        0x2 
 .text.HAL_RCC_OscConfig
                0x000000000800599c      0x4f0 ./Drivers/STM32F4xx_HAL_Driver/Src/stm32f4xx_hal_rcc.o
                0x000000000800599c                HAL_RCC_OscConfig
 .text.HAL_RCC_ClockConfig
                0x0000000008005e8c      0x1cc ./Drivers/STM32F4xx_HAL_Driver/Src/stm32f4xx_hal_rcc.o
                0x0000000008005e8c                HAL_RCC_ClockConfig
 .text.HAL_RCC_GetSysClockFreq
                0x0000000008006058      0x1c4 ./Drivers/STM32F4xx_HAL_Driver/Src/stm32f4xx_hal_rcc.o
                0x0000000008006058                HAL_RCC_GetSysClockFreq
 .text.HAL_RCC_GetHCLKFreq
                0x000000000800621c       0x18 ./Drivers/STM32F4xx_HAL_Driver/Src/stm32f4xx_hal_rcc.o
                0x000000000800621c                HAL_RCC_GetHCLKFreq
 .text.HAL_RCC_GetPCLK1Freq
                0x0000000008006234       0x28 ./Drivers/STM32F4xx_HAL_Driver/Src/stm32f4xx_hal_rcc.o
                0x0000000008006234                HAL_RCC_GetPCLK1Freq
 .text.HAL_RCC_GetPCLK2Freq
                0x000000000800625c       0x28 ./Drivers/STM32F4xx_HAL_Driver/Src/stm32f4xx_hal_rcc.o
                0x000000000800625c                HAL_RCC_GetPCLK2Freq
 .text.HAL_SPI_Init
                0x0000000008006284      0x112 ./Drivers/STM32F4xx_HAL_Driver/Src/stm32f4xx_hal_spi.o
                0x0000000008006284                HAL_SPI_Init
 .text.HAL_SPI_Transmit
                0x0000000008006396      0x278 ./Drivers/STM32F4xx_HAL_Driver/Src/stm32f4xx_hal_spi.o
                0x0000000008006396                HAL_SPI_Transmit
 .text.HAL_SPI_Receive
                0x000000000800660e      0x222 ./Drivers/STM32F4xx_HAL_Driver/Src/stm32f4xx_hal_spi.o
                0x000000000800660e                HAL_SPI_Receive
 .text.HAL_SPI_TransmitReceive
                0x0000000008006830      0x344 ./Drivers/STM32F4xx_HAL_Driver/Src/stm32f4xx_hal_spi.o
                0x0000000008006830                HAL_SPI_TransmitReceive
 .text.SPI_WaitFlagStateUntilTimeout
                0x0000000008006b74      0x110 ./Drivers/STM32F4xx_HAL_Driver/Src/stm32f4xx_hal_spi.o
 .text.SPI_EndRxTransaction
                0x0000000008006c84       0xca ./Drivers/STM32F4xx_HAL_Driver/Src/stm32f4xx_hal_spi.o
 *fill*         0x0000000008006d4e        0x2 
 .text.SPI_EndRxTxTransaction
                0x0000000008006d50       0x84 ./Drivers/STM32F4xx_HAL_Driver/Src/stm32f4xx_hal_spi.o
 .text.HAL_SRAM_Init
                0x0000000008006dd4       0x88 ./Drivers/STM32F4xx_HAL_Driver/Src/stm32f4xx_hal_sram.o
                0x0000000008006dd4                HAL_SRAM_Init
 .text.HAL_TIM_Base_Init
                0x0000000008006e5c       0x9e ./Drivers/STM32F4xx_HAL_Driver/Src/stm32f4xx_hal_tim.o
                0x0000000008006e5c                HAL_TIM_Base_Init
 *fill*         0x0000000008006efa        0x2 
 .text.HAL_TIM_Base_Start_IT
                0x0000000008006efc       0xe0 ./Drivers/STM32F4xx_HAL_Driver/Src/stm32f4xx_hal_tim.o
                0x0000000008006efc                HAL_TIM_Base_Start_IT
 .text.HAL_TIM_PWM_Init
                0x0000000008006fdc       0x9e ./Drivers/STM32F4xx_HAL_Driver/Src/stm32f4xx_hal_tim.o
                0x0000000008006fdc                HAL_TIM_PWM_Init
 .text.HAL_TIM_PWM_MspInit
                0x000000000800707a       0x14 ./Drivers/STM32F4xx_HAL_Driver/Src/stm32f4xx_hal_tim.o
                0x000000000800707a                HAL_TIM_PWM_MspInit
 *fill*         0x000000000800708e        0x2 
 .text.HAL_TIM_PWM_Start
                0x0000000008007090      0x190 ./Drivers/STM32F4xx_HAL_Driver/Src/stm32f4xx_hal_tim.o
                0x0000000008007090                HAL_TIM_PWM_Start
 .text.HAL_TIM_IRQHandler
                0x0000000008007220      0x210 ./Drivers/STM32F4xx_HAL_Driver/Src/stm32f4xx_hal_tim.o
                0x0000000008007220                HAL_TIM_IRQHandler
 .text.HAL_TIM_PWM_ConfigChannel
                0x0000000008007430      0x184 ./Drivers/STM32F4xx_HAL_Driver/Src/stm32f4xx_hal_tim.o
                0x0000000008007430                HAL_TIM_PWM_ConfigChannel
 .text.HAL_TIM_ConfigClockSource
                0x00000000080075b4      0x18e ./Drivers/STM32F4xx_HAL_Driver/Src/stm32f4xx_hal_tim.o
                0x00000000080075b4                HAL_TIM_ConfigClockSource
 .text.HAL_TIM_OC_DelayElapsedCallback
                0x0000000008007742       0x14 ./Drivers/STM32F4xx_HAL_Driver/Src/stm32f4xx_hal_tim.o
                0x0000000008007742                HAL_TIM_OC_DelayElapsedCallback
 .text.HAL_TIM_IC_CaptureCallback
                0x0000000008007756       0x14 ./Drivers/STM32F4xx_HAL_Driver/Src/stm32f4xx_hal_tim.o
                0x0000000008007756                HAL_TIM_IC_CaptureCallback
 .text.HAL_TIM_PWM_PulseFinishedCallback
                0x000000000800776a       0x14 ./Drivers/STM32F4xx_HAL_Driver/Src/stm32f4xx_hal_tim.o
                0x000000000800776a                HAL_TIM_PWM_PulseFinishedCallback
 .text.HAL_TIM_TriggerCallback
                0x000000000800777e       0x14 ./Drivers/STM32F4xx_HAL_Driver/Src/stm32f4xx_hal_tim.o
                0x000000000800777e                HAL_TIM_TriggerCallback
 *fill*         0x0000000008007792        0x2 
 .text.TIM_Base_SetConfig
                0x0000000008007794      0x140 ./Drivers/STM32F4xx_HAL_Driver/Src/stm32f4xx_hal_tim.o
                0x0000000008007794                TIM_Base_SetConfig
 .text.TIM_OC1_SetConfig
                0x00000000080078d4       0xe0 ./Drivers/STM32F4xx_HAL_Driver/Src/stm32f4xx_hal_tim.o
 .text.TIM_OC2_SetConfig
                0x00000000080079b4       0xec ./Drivers/STM32F4xx_HAL_Driver/Src/stm32f4xx_hal_tim.o
                0x00000000080079b4                TIM_OC2_SetConfig
 .text.TIM_OC3_SetConfig
                0x0000000008007aa0       0xe8 ./Drivers/STM32F4xx_HAL_Driver/Src/stm32f4xx_hal_tim.o
 .text.TIM_OC4_SetConfig
                0x0000000008007b88       0xac ./Drivers/STM32F4xx_HAL_Driver/Src/stm32f4xx_hal_tim.o
 .text.TIM_TI1_ConfigInputStage
                0x0000000008007c34       0x5e ./Drivers/STM32F4xx_HAL_Driver/Src/stm32f4xx_hal_tim.o
 .text.TIM_TI2_ConfigInputStage
                0x0000000008007c92       0x60 ./Drivers/STM32F4xx_HAL_Driver/Src/stm32f4xx_hal_tim.o
 .text.TIM_ITRx_SetConfig
                0x0000000008007cf2       0x36 ./Drivers/STM32F4xx_HAL_Driver/Src/stm32f4xx_hal_tim.o
 .text.TIM_ETR_SetConfig
                0x0000000008007d28       0x40 ./Drivers/STM32F4xx_HAL_Driver/Src/stm32f4xx_hal_tim.o
                0x0000000008007d28                TIM_ETR_SetConfig
 .text.TIM_CCxChannelCmd
                0x0000000008007d68       0x4a ./Drivers/STM32F4xx_HAL_Driver/Src/stm32f4xx_hal_tim.o
                0x0000000008007d68                TIM_CCxChannelCmd
 *fill*         0x0000000008007db2        0x2 
 .text.HAL_TIMEx_MasterConfigSynchronization
                0x0000000008007db4       0xf8 ./Drivers/STM32F4xx_HAL_Driver/Src/stm32f4xx_hal_tim_ex.o
                0x0000000008007db4                HAL_TIMEx_MasterConfigSynchronization
 .text.HAL_TIMEx_CommutCallback
                0x0000000008007eac       0x14 ./Drivers/STM32F4xx_HAL_Driver/Src/stm32f4xx_hal_tim_ex.o
                0x0000000008007eac                HAL_TIMEx_CommutCallback
 .text.HAL_TIMEx_BreakCallback
                0x0000000008007ec0       0x14 ./Drivers/STM32F4xx_HAL_Driver/Src/stm32f4xx_hal_tim_ex.o
                0x0000000008007ec0                HAL_TIMEx_BreakCallback
 .text.HAL_UART_Init
                0x0000000008007ed4       0x9a ./Drivers/STM32F4xx_HAL_Driver/Src/stm32f4xx_hal_uart.o
                0x0000000008007ed4                HAL_UART_Init
 .text.HAL_UART_Transmit
                0x0000000008007f6e      0x124 ./Drivers/STM32F4xx_HAL_Driver/Src/stm32f4xx_hal_uart.o
                0x0000000008007f6e                HAL_UART_Transmit
 .text.HAL_UART_Receive_IT
                0x0000000008008092       0x60 ./Drivers/STM32F4xx_HAL_Driver/Src/stm32f4xx_hal_uart.o
                0x0000000008008092                HAL_UART_Receive_IT
 *fill*         0x00000000080080f2        0x2 
 .text.HAL_UART_IRQHandler
                0x00000000080080f4      0x51c ./Drivers/STM32F4xx_HAL_Driver/Src/stm32f4xx_hal_uart.o
                0x00000000080080f4                HAL_UART_IRQHandler
 .text.HAL_UART_TxCpltCallback
                0x0000000008008610       0x14 ./Drivers/STM32F4xx_HAL_Driver/Src/stm32f4xx_hal_uart.o
                0x0000000008008610                HAL_UART_TxCpltCallback
 .text.HAL_UART_ErrorCallback
                0x0000000008008624       0x14 ./Drivers/STM32F4xx_HAL_Driver/Src/stm32f4xx_hal_uart.o
                0x0000000008008624                HAL_UART_ErrorCallback
 .text.HAL_UARTEx_RxEventCallback
                0x0000000008008638       0x18 ./Drivers/STM32F4xx_HAL_Driver/Src/stm32f4xx_hal_uart.o
                0x0000000008008638                HAL_UARTEx_RxEventCallback
 .text.UART_WaitOnFlagUntilTimeout
                0x0000000008008650       0xdc ./Drivers/STM32F4xx_HAL_Driver/Src/stm32f4xx_hal_uart.o
 .text.UART_Start_Receive_IT
                0x000000000800872c       0x74 ./Drivers/STM32F4xx_HAL_Driver/Src/stm32f4xx_hal_uart.o
                0x000000000800872c                UART_Start_Receive_IT
 .text.UART_EndRxTransfer
                0x00000000080087a0       0xc6 ./Drivers/STM32F4xx_HAL_Driver/Src/stm32f4xx_hal_uart.o
 .text.UART_DMAAbortOnError
                0x0000000008008866       0x28 ./Drivers/STM32F4xx_HAL_Driver/Src/stm32f4xx_hal_uart.o
 .text.UART_Transmit_IT
                0x000000000800888e       0xa0 ./Drivers/STM32F4xx_HAL_Driver/Src/stm32f4xx_hal_uart.o
 .text.UART_EndTransmit_IT
                0x000000000800892e       0x30 ./Drivers/STM32F4xx_HAL_Driver/Src/stm32f4xx_hal_uart.o
 .text.UART_Receive_IT
                0x000000000800895e      0x176 ./Drivers/STM32F4xx_HAL_Driver/Src/stm32f4xx_hal_uart.o
 .text.UART_SetConfig
                0x0000000008008ad4      0x390 ./Drivers/STM32F4xx_HAL_Driver/Src/stm32f4xx_hal_uart.o
 .text.FSMC_NORSRAM_Init
                0x0000000008008e64       0xa4 ./Drivers/STM32F4xx_HAL_Driver/Src/stm32f4xx_ll_fsmc.o
                0x0000000008008e64                FSMC_NORSRAM_Init
 .text.FSMC_NORSRAM_Timing_Init
                0x0000000008008f08       0x7a ./Drivers/STM32F4xx_HAL_Driver/Src/stm32f4xx_ll_fsmc.o
                0x0000000008008f08                FSMC_NORSRAM_Timing_Init
 *fill*         0x0000000008008f82        0x2 
 .text.FSMC_NORSRAM_Extended_Timing_Init
                0x0000000008008f84       0x80 ./Drivers/STM32F4xx_HAL_Driver/Src/stm32f4xx_ll_fsmc.o
                0x0000000008008f84                FSMC_NORSRAM_Extended_Timing_Init
 .text.__errno  0x0000000008009004        0xc e:/stm32ide/stm32cubeide_1.7.0/stm32cubeide/plugins/com.st.stm32cube.ide.mcu.externaltools.gnu-tools-for-stm32.9-2020-q2-update.win32_2.0.0.202105311346/tools/bin/../lib/gcc/arm-none-eabi/9.3.1/../../../../arm-none-eabi/lib/thumb/v7e-m+fp/hard\libc_nano.a(lib_a-errno.o)
                0x0000000008009004                __errno
 .text.__libc_init_array
                0x0000000008009010       0x48 e:/stm32ide/stm32cubeide_1.7.0/stm32cubeide/plugins/com.st.stm32cube.ide.mcu.externaltools.gnu-tools-for-stm32.9-2020-q2-update.win32_2.0.0.202105311346/tools/bin/../lib/gcc/arm-none-eabi/9.3.1/../../../../arm-none-eabi/lib/thumb/v7e-m+fp/hard\libc_nano.a(lib_a-init.o)
                0x0000000008009010                __libc_init_array
 .text.memset   0x0000000008009058       0x10 e:/stm32ide/stm32cubeide_1.7.0/stm32cubeide/plugins/com.st.stm32cube.ide.mcu.externaltools.gnu-tools-for-stm32.9-2020-q2-update.win32_2.0.0.202105311346/tools/bin/../lib/gcc/arm-none-eabi/9.3.1/../../../../arm-none-eabi/lib/thumb/v7e-m+fp/hard\libc_nano.a(lib_a-memset.o)
                0x0000000008009058                memset
 .text.sprintf  0x0000000008009068       0x40 e:/stm32ide/stm32cubeide_1.7.0/stm32cubeide/plugins/com.st.stm32cube.ide.mcu.externaltools.gnu-tools-for-stm32.9-2020-q2-update.win32_2.0.0.202105311346/tools/bin/../lib/gcc/arm-none-eabi/9.3.1/../../../../arm-none-eabi/lib/thumb/v7e-m+fp/hard\libc_nano.a(lib_a-sprintf.o)
                0x0000000008009068                siprintf
                0x0000000008009068                sprintf
 .text.__ssputs_r
                0x00000000080090a8       0xb6 e:/stm32ide/stm32cubeide_1.7.0/stm32cubeide/plugins/com.st.stm32cube.ide.mcu.externaltools.gnu-tools-for-stm32.9-2020-q2-update.win32_2.0.0.202105311346/tools/bin/../lib/gcc/arm-none-eabi/9.3.1/../../../../arm-none-eabi/lib/thumb/v7e-m+fp/hard\libc_nano.a(lib_a-nano-svfprintf.o)
                0x00000000080090a8                __ssputs_r
 *fill*         0x000000000800915e        0x2 
 .text._svfprintf_r
                0x0000000008009160      0x200 e:/stm32ide/stm32cubeide_1.7.0/stm32cubeide/plugins/com.st.stm32cube.ide.mcu.externaltools.gnu-tools-for-stm32.9-2020-q2-update.win32_2.0.0.202105311346/tools/bin/../lib/gcc/arm-none-eabi/9.3.1/../../../../arm-none-eabi/lib/thumb/v7e-m+fp/hard\libc_nano.a(lib_a-nano-svfprintf.o)
                0x0000000008009160                _svfiprintf_r
                0x0000000008009160                _svfprintf_r
 .text._printf_common
                0x0000000008009360       0xda e:/stm32ide/stm32cubeide_1.7.0/stm32cubeide/plugins/com.st.stm32cube.ide.mcu.externaltools.gnu-tools-for-stm32.9-2020-q2-update.win32_2.0.0.202105311346/tools/bin/../lib/gcc/arm-none-eabi/9.3.1/../../../../arm-none-eabi/lib/thumb/v7e-m+fp/hard\libc_nano.a(lib_a-nano-vfprintf_i.o)
                0x0000000008009360                _printf_common
 *fill*         0x000000000800943a        0x2 
 .text._printf_i
                0x000000000800943c      0x24c e:/stm32ide/stm32cubeide_1.7.0/stm32cubeide/plugins/com.st.stm32cube.ide.mcu.externaltools.gnu-tools-for-stm32.9-2020-q2-update.win32_2.0.0.202105311346/tools/bin/../lib/gcc/arm-none-eabi/9.3.1/../../../../arm-none-eabi/lib/thumb/v7e-m+fp/hard\libc_nano.a(lib_a-nano-vfprintf_i.o)
                0x000000000800943c                _printf_i
 .text.memcpy   0x0000000008009688       0x1c e:/stm32ide/stm32cubeide_1.7.0/stm32cubeide/plugins/com.st.stm32cube.ide.mcu.externaltools.gnu-tools-for-stm32.9-2020-q2-update.win32_2.0.0.202105311346/tools/bin/../lib/gcc/arm-none-eabi/9.3.1/../../../../arm-none-eabi/lib/thumb/v7e-m+fp/hard\libc_nano.a(lib_a-memcpy-stub.o)
                0x0000000008009688                memcpy
 .text.memmove  0x00000000080096a4       0x34 e:/stm32ide/stm32cubeide_1.7.0/stm32cubeide/plugins/com.st.stm32cube.ide.mcu.externaltools.gnu-tools-for-stm32.9-2020-q2-update.win32_2.0.0.202105311346/tools/bin/../lib/gcc/arm-none-eabi/9.3.1/../../../../arm-none-eabi/lib/thumb/v7e-m+fp/hard\libc_nano.a(lib_a-memmove.o)
                0x00000000080096a4                memmove
 .text._free_r  0x00000000080096d8       0xa0 e:/stm32ide/stm32cubeide_1.7.0/stm32cubeide/plugins/com.st.stm32cube.ide.mcu.externaltools.gnu-tools-for-stm32.9-2020-q2-update.win32_2.0.0.202105311346/tools/bin/../lib/gcc/arm-none-eabi/9.3.1/../../../../arm-none-eabi/lib/thumb/v7e-m+fp/hard\libc_nano.a(lib_a-nano-freer.o)
                0x00000000080096d8                _free_r
 .text._malloc_r
                0x0000000008009778       0xb4 e:/stm32ide/stm32cubeide_1.7.0/stm32cubeide/plugins/com.st.stm32cube.ide.mcu.externaltools.gnu-tools-for-stm32.9-2020-q2-update.win32_2.0.0.202105311346/tools/bin/../lib/gcc/arm-none-eabi/9.3.1/../../../../arm-none-eabi/lib/thumb/v7e-m+fp/hard\libc_nano.a(lib_a-nano-mallocr.o)
                0x0000000008009778                _malloc_r
 .text._realloc_r
                0x000000000800982c       0x4c e:/stm32ide/stm32cubeide_1.7.0/stm32cubeide/plugins/com.st.stm32cube.ide.mcu.externaltools.gnu-tools-for-stm32.9-2020-q2-update.win32_2.0.0.202105311346/tools/bin/../lib/gcc/arm-none-eabi/9.3.1/../../../../arm-none-eabi/lib/thumb/v7e-m+fp/hard\libc_nano.a(lib_a-nano-reallocr.o)
                0x000000000800982c                _realloc_r
 .text._sbrk_r  0x0000000008009878       0x20 e:/stm32ide/stm32cubeide_1.7.0/stm32cubeide/plugins/com.st.stm32cube.ide.mcu.externaltools.gnu-tools-for-stm32.9-2020-q2-update.win32_2.0.0.202105311346/tools/bin/../lib/gcc/arm-none-eabi/9.3.1/../../../../arm-none-eabi/lib/thumb/v7e-m+fp/hard\libc_nano.a(lib_a-sbrkr.o)
                0x0000000008009878                _sbrk_r
 .text.__malloc_lock
                0x0000000008009898        0xc e:/stm32ide/stm32cubeide_1.7.0/stm32cubeide/plugins/com.st.stm32cube.ide.mcu.externaltools.gnu-tools-for-stm32.9-2020-q2-update.win32_2.0.0.202105311346/tools/bin/../lib/gcc/arm-none-eabi/9.3.1/../../../../arm-none-eabi/lib/thumb/v7e-m+fp/hard\libc_nano.a(lib_a-mlock.o)
                0x0000000008009898                __malloc_lock
 .text.__malloc_unlock
                0x00000000080098a4        0xc e:/stm32ide/stm32cubeide_1.7.0/stm32cubeide/plugins/com.st.stm32cube.ide.mcu.externaltools.gnu-tools-for-stm32.9-2020-q2-update.win32_2.0.0.202105311346/tools/bin/../lib/gcc/arm-none-eabi/9.3.1/../../../../arm-none-eabi/lib/thumb/v7e-m+fp/hard\libc_nano.a(lib_a-mlock.o)
                0x00000000080098a4                __malloc_unlock
 .text._malloc_usable_size_r
                0x00000000080098b0       0x10 e:/stm32ide/stm32cubeide_1.7.0/stm32cubeide/plugins/com.st.stm32cube.ide.mcu.externaltools.gnu-tools-for-stm32.9-2020-q2-update.win32_2.0.0.202105311346/tools/bin/../lib/gcc/arm-none-eabi/9.3.1/../../../../arm-none-eabi/lib/thumb/v7e-m+fp/hard\libc_nano.a(lib_a-nano-msizer.o)
                0x00000000080098b0                _malloc_usable_size_r
 .text.__retarget_lock_acquire_recursive
                0x00000000080098c0        0x2 e:/stm32ide/stm32cubeide_1.7.0/stm32cubeide/plugins/com.st.stm32cube.ide.mcu.externaltools.gnu-tools-for-stm32.9-2020-q2-update.win32_2.0.0.202105311346/tools/bin/../lib/gcc/arm-none-eabi/9.3.1/../../../../arm-none-eabi/lib/thumb/v7e-m+fp/hard\libc_nano.a(lib_a-lock.o)
                0x00000000080098c0                __retarget_lock_acquire_recursive
 .text.__retarget_lock_release_recursive
                0x00000000080098c2        0x2 e:/stm32ide/stm32cubeide_1.7.0/stm32cubeide/plugins/com.st.stm32cube.ide.mcu.externaltools.gnu-tools-for-stm32.9-2020-q2-update.win32_2.0.0.202105311346/tools/bin/../lib/gcc/arm-none-eabi/9.3.1/../../../../arm-none-eabi/lib/thumb/v7e-m+fp/hard\libc_nano.a(lib_a-lock.o)
                0x00000000080098c2                __retarget_lock_release_recursive
 *(.glue_7)
 .glue_7        0x00000000080098c4        0x0 linker stubs
 *(.glue_7t)
 .glue_7t       0x00000000080098c4        0x0 linker stubs
 *(.eh_frame)
 .eh_frame      0x00000000080098c4        0x0 e:/stm32ide/stm32cubeide_1.7.0/stm32cubeide/plugins/com.st.stm32cube.ide.mcu.externaltools.gnu-tools-for-stm32.9-2020-q2-update.win32_2.0.0.202105311346/tools/bin/../lib/gcc/arm-none-eabi/9.3.1/thumb/v7e-m+fp/hard/crtbegin.o
 *(.init)
 .init          0x00000000080098c4        0x4 e:/stm32ide/stm32cubeide_1.7.0/stm32cubeide/plugins/com.st.stm32cube.ide.mcu.externaltools.gnu-tools-for-stm32.9-2020-q2-update.win32_2.0.0.202105311346/tools/bin/../lib/gcc/arm-none-eabi/9.3.1/thumb/v7e-m+fp/hard/crti.o
                0x00000000080098c4                _init
 .init          0x00000000080098c8        0x8 e:/stm32ide/stm32cubeide_1.7.0/stm32cubeide/plugins/com.st.stm32cube.ide.mcu.externaltools.gnu-tools-for-stm32.9-2020-q2-update.win32_2.0.0.202105311346/tools/bin/../lib/gcc/arm-none-eabi/9.3.1/thumb/v7e-m+fp/hard/crtn.o
 *(.fini)
 .fini          0x00000000080098d0        0x4 e:/stm32ide/stm32cubeide_1.7.0/stm32cubeide/plugins/com.st.stm32cube.ide.mcu.externaltools.gnu-tools-for-stm32.9-2020-q2-update.win32_2.0.0.202105311346/tools/bin/../lib/gcc/arm-none-eabi/9.3.1/thumb/v7e-m+fp/hard/crti.o
                0x00000000080098d0                _fini
 .fini          0x00000000080098d4        0x8 e:/stm32ide/stm32cubeide_1.7.0/stm32cubeide/plugins/com.st.stm32cube.ide.mcu.externaltools.gnu-tools-for-stm32.9-2020-q2-update.win32_2.0.0.202105311346/tools/bin/../lib/gcc/arm-none-eabi/9.3.1/thumb/v7e-m+fp/hard/crtn.o
                0x00000000080098dc                . = ALIGN (0x4)
                0x00000000080098dc                _etext = .

.vfp11_veneer   0x00000000080098dc        0x0
 .vfp11_veneer  0x00000000080098dc        0x0 linker stubs

.v4_bx          0x00000000080098dc        0x0
 .v4_bx         0x00000000080098dc        0x0 linker stubs

.iplt           0x00000000080098dc        0x0
 .iplt          0x00000000080098dc        0x0 e:/stm32ide/stm32cubeide_1.7.0/stm32cubeide/plugins/com.st.stm32cube.ide.mcu.externaltools.gnu-tools-for-stm32.9-2020-q2-update.win32_2.0.0.202105311346/tools/bin/../lib/gcc/arm-none-eabi/9.3.1/thumb/v7e-m+fp/hard/crtbegin.o

.rodata         0x00000000080098dc     0x3050
                0x00000000080098dc                . = ALIGN (0x4)
 *(.rodata)
 .rodata        0x00000000080098dc       0x58 ./Core/Src/main.o
 .rodata        0x0000000008009934        0xf ./Core/Src/sensor.o
 *fill*         0x0000000008009943        0x1 
 .rodata        0x0000000008009944       0x12 ./Core/Src/uart.o
 *(.rodata*)
 *fill*         0x0000000008009956        0x2 
 .rodata.ascii_1608
                0x0000000008009958      0x5f0 ./Core/Src/lcd.o
                0x0000000008009958                ascii_1608
 .rodata.ascii_2412
                0x0000000008009f48     0x11d0 ./Core/Src/lcd.o
                0x0000000008009f48                ascii_2412
 .rodata.ascii_3216
                0x000000000800b118     0x17c0 ./Core/Src/lcd.o
                0x000000000800b118                ascii_3216
 .rodata.AHBPrescTable
                0x000000000800c8d8       0x10 ./Core/Src/system_stm32f4xx.o
                0x000000000800c8d8                AHBPrescTable
 .rodata.APBPrescTable
                0x000000000800c8e8        0x8 ./Core/Src/system_stm32f4xx.o
                0x000000000800c8e8                APBPrescTable
 .rodata.flagBitshiftOffset.9376
                0x000000000800c8f0        0x8 ./Drivers/STM32F4xx_HAL_Driver/Src/stm32f4xx_hal_dma.o
 .rodata._svfprintf_r.str1.1
                0x000000000800c8f8       0x11 e:/stm32ide/stm32cubeide_1.7.0/stm32cubeide/plugins/com.st.stm32cube.ide.mcu.externaltools.gnu-tools-for-stm32.9-2020-q2-update.win32_2.0.0.202105311346/tools/bin/../lib/gcc/arm-none-eabi/9.3.1/../../../../arm-none-eabi/lib/thumb/v7e-m+fp/hard\libc_nano.a(lib_a-nano-svfprintf.o)
 .rodata._printf_i.str1.1
                0x000000000800c909       0x22 e:/stm32ide/stm32cubeide_1.7.0/stm32cubeide/plugins/com.st.stm32cube.ide.mcu.externaltools.gnu-tools-for-stm32.9-2020-q2-update.win32_2.0.0.202105311346/tools/bin/../lib/gcc/arm-none-eabi/9.3.1/../../../../arm-none-eabi/lib/thumb/v7e-m+fp/hard\libc_nano.a(lib_a-nano-vfprintf_i.o)
                0x000000000800c92c                . = ALIGN (0x4)
 *fill*         0x000000000800c92b        0x1 

.ARM.extab      0x000000000800c92c        0x0
                0x000000000800c92c                . = ALIGN (0x4)
 *(.ARM.extab* .gnu.linkonce.armextab.*)
                0x000000000800c92c                . = ALIGN (0x4)

.ARM            0x000000000800c92c        0x8
                0x000000000800c92c                . = ALIGN (0x4)
                0x000000000800c92c                __exidx_start = .
 *(.ARM.exidx*)
 .ARM.exidx     0x000000000800c92c        0x8 e:/stm32ide/stm32cubeide_1.7.0/stm32cubeide/plugins/com.st.stm32cube.ide.mcu.externaltools.gnu-tools-for-stm32.9-2020-q2-update.win32_2.0.0.202105311346/tools/bin/../lib/gcc/arm-none-eabi/9.3.1/thumb/v7e-m+fp/hard\libgcc.a(_udivmoddi4.o)
                0x000000000800c934                __exidx_end = .
                0x000000000800c934                . = ALIGN (0x4)

.rel.dyn        0x000000000800c934        0x0
 .rel.iplt      0x000000000800c934        0x0 e:/stm32ide/stm32cubeide_1.7.0/stm32cubeide/plugins/com.st.stm32cube.ide.mcu.externaltools.gnu-tools-for-stm32.9-2020-q2-update.win32_2.0.0.202105311346/tools/bin/../lib/gcc/arm-none-eabi/9.3.1/thumb/v7e-m+fp/hard/crtbegin.o

.preinit_array  0x000000000800c934        0x0
                0x000000000800c934                . = ALIGN (0x4)
                0x000000000800c934                PROVIDE (__preinit_array_start = .)
 *(.preinit_array*)
                0x000000000800c934                PROVIDE (__preinit_array_end = .)
                0x000000000800c934                . = ALIGN (0x4)

.init_array     0x000000000800c934        0x4
                0x000000000800c934                . = ALIGN (0x4)
                0x000000000800c934                PROVIDE (__init_array_start = .)
 *(SORT_BY_NAME(.init_array.*))
 *(.init_array*)
 .init_array    0x000000000800c934        0x4 e:/stm32ide/stm32cubeide_1.7.0/stm32cubeide/plugins/com.st.stm32cube.ide.mcu.externaltools.gnu-tools-for-stm32.9-2020-q2-update.win32_2.0.0.202105311346/tools/bin/../lib/gcc/arm-none-eabi/9.3.1/thumb/v7e-m+fp/hard/crtbegin.o
                0x000000000800c938                PROVIDE (__init_array_end = .)
                0x000000000800c938                . = ALIGN (0x4)

.fini_array     0x000000000800c938        0x4
                0x000000000800c938                . = ALIGN (0x4)
                [!provide]                        PROVIDE (__fini_array_start = .)
 *(SORT_BY_NAME(.fini_array.*))
 *(.fini_array*)
 .fini_array    0x000000000800c938        0x4 e:/stm32ide/stm32cubeide_1.7.0/stm32cubeide/plugins/com.st.stm32cube.ide.mcu.externaltools.gnu-tools-for-stm32.9-2020-q2-update.win32_2.0.0.202105311346/tools/bin/../lib/gcc/arm-none-eabi/9.3.1/thumb/v7e-m+fp/hard/crtbegin.o
                [!provide]                        PROVIDE (__fini_array_end = .)
                0x000000000800c93c                . = ALIGN (0x4)
                0x000000000800c93c                _sidata = LOADADDR (.data)

.data           0x0000000020000000       0x80 load address 0x000000000800c93c
                0x0000000020000000                . = ALIGN (0x4)
                0x0000000020000000                _sdata = .
 *(.data)
 *(.data*)
 .data.led7seg  0x0000000020000000        0x4 ./Core/Src/led_7seg.o
                0x0000000020000000                led7seg
 .data.arrayOfNum
                0x0000000020000004        0xa ./Core/Src/led_7seg.o
                0x0000000020000004                arrayOfNum
 .data.spi_buffer
                0x000000002000000e        0x2 ./Core/Src/led_7seg.o
                0x000000002000000e                spi_buffer
 .data.SystemCoreClock
                0x0000000020000010        0x4 ./Core/Src/system_stm32f4xx.o
                0x0000000020000010                SystemCoreClock
 .data.uwTickPrio
                0x0000000020000014        0x4 ./Drivers/STM32F4xx_HAL_Driver/Src/stm32f4xx_hal.o
                0x0000000020000014                uwTickPrio
 .data.uwTickFreq
                0x0000000020000018        0x1 ./Drivers/STM32F4xx_HAL_Driver/Src/stm32f4xx_hal.o
                0x0000000020000018                uwTickFreq
 *fill*         0x0000000020000019        0x3 
 .data._impure_ptr
                0x000000002000001c        0x4 e:/stm32ide/stm32cubeide_1.7.0/stm32cubeide/plugins/com.st.stm32cube.ide.mcu.externaltools.gnu-tools-for-stm32.9-2020-q2-update.win32_2.0.0.202105311346/tools/bin/../lib/gcc/arm-none-eabi/9.3.1/../../../../arm-none-eabi/lib/thumb/v7e-m+fp/hard\libc_nano.a(lib_a-impure.o)
                0x000000002000001c                _impure_ptr
 .data.impure_data
                0x0000000020000020       0x60 e:/stm32ide/stm32cubeide_1.7.0/stm32cubeide/plugins/com.st.stm32cube.ide.mcu.externaltools.gnu-tools-for-stm32.9-2020-q2-update.win32_2.0.0.202105311346/tools/bin/../lib/gcc/arm-none-eabi/9.3.1/../../../../arm-none-eabi/lib/thumb/v7e-m+fp/hard\libc_nano.a(lib_a-impure.o)
 *(.RamFunc)
 *(.RamFunc*)
                0x0000000020000080                . = ALIGN (0x4)
                0x0000000020000080                _edata = .
                0x000000000800c9bc                _siccmram = LOADADDR (.ccmram)

.igot.plt       0x0000000020000080        0x0 load address 0x000000000800c9bc
 .igot.plt      0x0000000020000080        0x0 e:/stm32ide/stm32cubeide_1.7.0/stm32cubeide/plugins/com.st.stm32cube.ide.mcu.externaltools.gnu-tools-for-stm32.9-2020-q2-update.win32_2.0.0.202105311346/tools/bin/../lib/gcc/arm-none-eabi/9.3.1/thumb/v7e-m+fp/hard/crtbegin.o

.ccmram         0x0000000010000000        0x0 load address 0x000000000800c9bc
                0x0000000010000000                . = ALIGN (0x4)
                0x0000000010000000                _sccmram = .
 *(.ccmram)
 *(.ccmram*)
                0x0000000010000000                . = ALIGN (0x4)
                0x0000000010000000                _eccmram = .
                0x0000000010000000                . = ALIGN (0x4)

.bss            0x0000000020000080      0x3ac
                0x0000000020000080                _sbss = .
                0x0000000020000080                __bss_start__ = _sbss
 *(.bss)
 .bss           0x0000000020000080       0x1c e:/stm32ide/stm32cubeide_1.7.0/stm32cubeide/plugins/com.st.stm32cube.ide.mcu.externaltools.gnu-tools-for-stm32.9-2020-q2-update.win32_2.0.0.202105311346/tools/bin/../lib/gcc/arm-none-eabi/9.3.1/thumb/v7e-m+fp/hard/crtbegin.o
 *(.bss*)
 .bss.spi_button
                0x000000002000009c        0x2 ./Core/Src/button.o
                0x000000002000009c                spi_button
 .bss.duty_cycle
                0x000000002000009e        0x1 ./Core/Src/buzzer.o
                0x000000002000009e                duty_cycle
 *fill*         0x000000002000009f        0x1 
 .bss.FSMC_Initialized
                0x00000000200000a0        0x4 ./Core/Src/fsmc.o
 .bss.led7_index
                0x00000000200000a4        0x4 ./Core/Src/led_7seg.o
                0x00000000200000a4                led7_index
 .bss.count_led_debug
                0x00000000200000a8        0x1 ./Core/Src/main.o
                0x00000000200000a8                count_led_debug
 .bss.count_adc
                0x00000000200000a9        0x1 ./Core/Src/main.o
                0x00000000200000a9                count_adc
 .bss.buzzer_state.10327
                0x00000000200000aa        0x1 ./Core/Src/main.o
 *fill*         0x00000000200000ab        0x1 
 .bss.flag_timer2
                0x00000000200000ac        0x2 ./Core/Src/software_timer.o
                0x00000000200000ac                flag_timer2
 .bss.timer2_counter
                0x00000000200000ae        0x2 ./Core/Src/software_timer.o
                0x00000000200000ae                timer2_counter
 .bss.timer2_MUL
                0x00000000200000b0        0x2 ./Core/Src/software_timer.o
                0x00000000200000b0                timer2_MUL
 *fill*         0x00000000200000b2        0x2 
 .bss.__sbrk_heap_end
                0x00000000200000b4        0x4 ./Core/Src/sysmem.o
 .bss.receive_buffer1
                0x00000000200000b8        0x1 ./Core/Src/uart.o
                0x00000000200000b8                receive_buffer1
 *fill*         0x00000000200000b9        0x3 
 .bss.__malloc_free_list
                0x00000000200000bc        0x4 e:/stm32ide/stm32cubeide_1.7.0/stm32cubeide/plugins/com.st.stm32cube.ide.mcu.externaltools.gnu-tools-for-stm32.9-2020-q2-update.win32_2.0.0.202105311346/tools/bin/../lib/gcc/arm-none-eabi/9.3.1/../../../../arm-none-eabi/lib/thumb/v7e-m+fp/hard\libc_nano.a(lib_a-nano-mallocr.o)
                0x00000000200000bc                __malloc_free_list
 .bss.__malloc_sbrk_start
                0x00000000200000c0        0x4 e:/stm32ide/stm32cubeide_1.7.0/stm32cubeide/plugins/com.st.stm32cube.ide.mcu.externaltools.gnu-tools-for-stm32.9-2020-q2-update.win32_2.0.0.202105311346/tools/bin/../lib/gcc/arm-none-eabi/9.3.1/../../../../arm-none-eabi/lib/thumb/v7e-m+fp/hard\libc_nano.a(lib_a-nano-mallocr.o)
                0x00000000200000c0                __malloc_sbrk_start
 *(COMMON)
 COMMON         0x00000000200000c4       0xa8 ./Core/Src/adc.o
                0x00000000200000c4                hadc1
                0x000000002000010c                hdma_adc1
 COMMON         0x000000002000016c       0x20 ./Core/Src/button.o
                0x000000002000016c                button_count
 COMMON         0x000000002000018c        0xf ./Core/Src/ds3231.o
                0x000000002000018c                ds3231_sec
                0x000000002000018d                ds3231_year
                0x000000002000018e                ds3231_min
                0x000000002000018f                ds3231_date
                0x0000000020000190                ds3231_day
                0x0000000020000191                ds3231_hours
                0x0000000020000192                ds3231_month
                0x0000000020000194                ds3231_buffer
 *fill*         0x000000002000019b        0x1 
 COMMON         0x000000002000019c       0x50 ./Core/Src/fsmc.o
                0x000000002000019c                hsram1
 COMMON         0x00000000200001ec       0x54 ./Core/Src/i2c.o
                0x00000000200001ec                hi2c1
 COMMON         0x0000000020000240       0x3a ./Core/Src/lcd.o
                0x0000000020000240                lcddev
                0x0000000020000248                s
 *fill*         0x000000002000027a        0x2 
 COMMON         0x000000002000027c        0xa ./Core/Src/sensor.o
                0x000000002000027c                adc_receive
 *fill*         0x0000000020000286        0x2 
 COMMON         0x0000000020000288       0x58 ./Core/Src/spi.o
                0x0000000020000288                hspi1
 COMMON         0x00000000200002e0       0x90 ./Core/Src/tim.o
                0x00000000200002e0                htim13
                0x0000000020000328                htim2
 COMMON         0x0000000020000370       0x64 ./Core/Src/uart.o
                0x0000000020000370                msg
 COMMON         0x00000000200003d4       0x44 ./Core/Src/usart.o
                0x00000000200003d4                huart1
 COMMON         0x0000000020000418        0x4 ./Drivers/STM32F4xx_HAL_Driver/Src/stm32f4xx_hal.o
                0x0000000020000418                uwTick
 COMMON         0x000000002000041c        0x4 e:/stm32ide/stm32cubeide_1.7.0/stm32cubeide/plugins/com.st.stm32cube.ide.mcu.externaltools.gnu-tools-for-stm32.9-2020-q2-update.win32_2.0.0.202105311346/tools/bin/../lib/gcc/arm-none-eabi/9.3.1/../../../../arm-none-eabi/lib/thumb/v7e-m+fp/hard\libc_nano.a(lib_a-reent.o)
                0x000000002000041c                errno
 COMMON         0x0000000020000420        0x9 e:/stm32ide/stm32cubeide_1.7.0/stm32cubeide/plugins/com.st.stm32cube.ide.mcu.externaltools.gnu-tools-for-stm32.9-2020-q2-update.win32_2.0.0.202105311346/tools/bin/../lib/gcc/arm-none-eabi/9.3.1/../../../../arm-none-eabi/lib/thumb/v7e-m+fp/hard\libc_nano.a(lib_a-lock.o)
                0x0000000020000420                __lock___atexit_recursive_mutex
                0x0000000020000421                __lock___arc4random_mutex
                0x0000000020000422                __lock___env_recursive_mutex
                0x0000000020000423                __lock___sinit_recursive_mutex
                0x0000000020000424                __lock___malloc_recursive_mutex
                0x0000000020000425                __lock___at_quick_exit_mutex
                0x0000000020000426                __lock___dd_hash_mutex
                0x0000000020000427                __lock___tz_mutex
                0x0000000020000428                __lock___sfp_recursive_mutex
                0x000000002000042c                . = ALIGN (0x4)
 *fill*         0x0000000020000429        0x3 
                0x000000002000042c                _ebss = .
                0x000000002000042c                __bss_end__ = _ebss

._user_heap_stack
                0x000000002000042c      0x604
                0x0000000020000430                . = ALIGN (0x8)
 *fill*         0x000000002000042c        0x4 
                [!provide]                        PROVIDE (end = .)
                0x0000000020000430                PROVIDE (_end = .)
                0x0000000020000630                . = (. + _Min_Heap_Size)
 *fill*         0x0000000020000430      0x200 
                0x0000000020000a30                . = (. + _Min_Stack_Size)
 *fill*         0x0000000020000630      0x400 
                0x0000000020000a30                . = ALIGN (0x8)

/DISCARD/
 libc.a(*)
 libm.a(*)
 libgcc.a(*)

.ARM.attributes
                0x0000000000000000       0x30
 *(.ARM.attributes)
 .ARM.attributes
                0x0000000000000000       0x1e e:/stm32ide/stm32cubeide_1.7.0/stm32cubeide/plugins/com.st.stm32cube.ide.mcu.externaltools.gnu-tools-for-stm32.9-2020-q2-update.win32_2.0.0.202105311346/tools/bin/../lib/gcc/arm-none-eabi/9.3.1/thumb/v7e-m+fp/hard/crti.o
 .ARM.attributes
                0x000000000000001e       0x34 e:/stm32ide/stm32cubeide_1.7.0/stm32cubeide/plugins/com.st.stm32cube.ide.mcu.externaltools.gnu-tools-for-stm32.9-2020-q2-update.win32_2.0.0.202105311346/tools/bin/../lib/gcc/arm-none-eabi/9.3.1/thumb/v7e-m+fp/hard/crtbegin.o
 .ARM.attributes
                0x0000000000000052       0x34 ./Core/Src/adc.o
 .ARM.attributes
                0x0000000000000086       0x34 ./Core/Src/button.o
 .ARM.attributes
                0x00000000000000ba       0x34 ./Core/Src/buzzer.o
 .ARM.attributes
                0x00000000000000ee       0x34 ./Core/Src/dma.o
 .ARM.attributes
                0x0000000000000122       0x34 ./Core/Src/ds3231.o
 .ARM.attributes
                0x0000000000000156       0x34 ./Core/Src/fsmc.o
 .ARM.attributes
                0x000000000000018a       0x34 ./Core/Src/gpio.o
 .ARM.attributes
                0x00000000000001be       0x34 ./Core/Src/i2c.o
 .ARM.attributes
                0x00000000000001f2       0x34 ./Core/Src/lcd.o
 .ARM.attributes
                0x0000000000000226       0x34 ./Core/Src/led_7seg.o
 .ARM.attributes
                0x000000000000025a       0x34 ./Core/Src/main.o
 .ARM.attributes
                0x000000000000028e       0x34 ./Core/Src/sensor.o
 .ARM.attributes
                0x00000000000002c2       0x34 ./Core/Src/software_timer.o
 .ARM.attributes
                0x00000000000002f6       0x34 ./Core/Src/spi.o
 .ARM.attributes
                0x000000000000032a       0x34 ./Core/Src/stm32f4xx_hal_msp.o
 .ARM.attributes
                0x000000000000035e       0x34 ./Core/Src/stm32f4xx_it.o
 .ARM.attributes
                0x0000000000000392       0x34 ./Core/Src/sysmem.o
 .ARM.attributes
                0x00000000000003c6       0x34 ./Core/Src/system_stm32f4xx.o
 .ARM.attributes
                0x00000000000003fa       0x34 ./Core/Src/tim.o
 .ARM.attributes
                0x000000000000042e       0x34 ./Core/Src/uart.o
 .ARM.attributes
                0x0000000000000462       0x34 ./Core/Src/usart.o
 .ARM.attributes
                0x0000000000000496       0x34 ./Core/Src/utils.o
 .ARM.attributes
                0x00000000000004ca       0x21 ./Core/Startup/startup_stm32f407zgtx.o
 .ARM.attributes
                0x00000000000004eb       0x34 ./Drivers/STM32F4xx_HAL_Driver/Src/stm32f4xx_hal.o
 .ARM.attributes
                0x000000000000051f       0x34 ./Drivers/STM32F4xx_HAL_Driver/Src/stm32f4xx_hal_adc.o
 .ARM.attributes
                0x0000000000000553       0x34 ./Drivers/STM32F4xx_HAL_Driver/Src/stm32f4xx_hal_cortex.o
 .ARM.attributes
                0x0000000000000587       0x34 ./Drivers/STM32F4xx_HAL_Driver/Src/stm32f4xx_hal_dma.o
 .ARM.attributes
                0x00000000000005bb       0x34 ./Drivers/STM32F4xx_HAL_Driver/Src/stm32f4xx_hal_gpio.o
 .ARM.attributes
                0x00000000000005ef       0x34 ./Drivers/STM32F4xx_HAL_Driver/Src/stm32f4xx_hal_i2c.o
 .ARM.attributes
                0x0000000000000623       0x34 ./Drivers/STM32F4xx_HAL_Driver/Src/stm32f4xx_hal_rcc.o
 .ARM.attributes
                0x0000000000000657       0x34 ./Drivers/STM32F4xx_HAL_Driver/Src/stm32f4xx_hal_spi.o
 .ARM.attributes
                0x000000000000068b       0x34 ./Drivers/STM32F4xx_HAL_Driver/Src/stm32f4xx_hal_sram.o
 .ARM.attributes
                0x00000000000006bf       0x34 ./Drivers/STM32F4xx_HAL_Driver/Src/stm32f4xx_hal_tim.o
 .ARM.attributes
                0x00000000000006f3       0x34 ./Drivers/STM32F4xx_HAL_Driver/Src/stm32f4xx_hal_tim_ex.o
 .ARM.attributes
                0x0000000000000727       0x34 ./Drivers/STM32F4xx_HAL_Driver/Src/stm32f4xx_hal_uart.o
 .ARM.attributes
                0x000000000000075b       0x34 ./Drivers/STM32F4xx_HAL_Driver/Src/stm32f4xx_ll_fsmc.o
 .ARM.attributes
                0x000000000000078f       0x34 e:/stm32ide/stm32cubeide_1.7.0/stm32cubeide/plugins/com.st.stm32cube.ide.mcu.externaltools.gnu-tools-for-stm32.9-2020-q2-update.win32_2.0.0.202105311346/tools/bin/../lib/gcc/arm-none-eabi/9.3.1/../../../../arm-none-eabi/lib/thumb/v7e-m+fp/hard\libc_nano.a(lib_a-errno.o)
 .ARM.attributes
                0x00000000000007c3       0x32 e:/stm32ide/stm32cubeide_1.7.0/stm32cubeide/plugins/com.st.stm32cube.ide.mcu.externaltools.gnu-tools-for-stm32.9-2020-q2-update.win32_2.0.0.202105311346/tools/bin/../lib/gcc/arm-none-eabi/9.3.1/../../../../arm-none-eabi/lib/thumb/v7e-m+fp/hard\libc_nano.a(lib_a-impure.o)
 .ARM.attributes
                0x00000000000007f5       0x34 e:/stm32ide/stm32cubeide_1.7.0/stm32cubeide/plugins/com.st.stm32cube.ide.mcu.externaltools.gnu-tools-for-stm32.9-2020-q2-update.win32_2.0.0.202105311346/tools/bin/../lib/gcc/arm-none-eabi/9.3.1/../../../../arm-none-eabi/lib/thumb/v7e-m+fp/hard\libc_nano.a(lib_a-init.o)
 .ARM.attributes
                0x0000000000000829       0x34 e:/stm32ide/stm32cubeide_1.7.0/stm32cubeide/plugins/com.st.stm32cube.ide.mcu.externaltools.gnu-tools-for-stm32.9-2020-q2-update.win32_2.0.0.202105311346/tools/bin/../lib/gcc/arm-none-eabi/9.3.1/../../../../arm-none-eabi/lib/thumb/v7e-m+fp/hard\libc_nano.a(lib_a-memset.o)
 .ARM.attributes
                0x000000000000085d       0x34 e:/stm32ide/stm32cubeide_1.7.0/stm32cubeide/plugins/com.st.stm32cube.ide.mcu.externaltools.gnu-tools-for-stm32.9-2020-q2-update.win32_2.0.0.202105311346/tools/bin/../lib/gcc/arm-none-eabi/9.3.1/../../../../arm-none-eabi/lib/thumb/v7e-m+fp/hard\libc_nano.a(lib_a-sprintf.o)
 .ARM.attributes
                0x0000000000000891       0x34 e:/stm32ide/stm32cubeide_1.7.0/stm32cubeide/plugins/com.st.stm32cube.ide.mcu.externaltools.gnu-tools-for-stm32.9-2020-q2-update.win32_2.0.0.202105311346/tools/bin/../lib/gcc/arm-none-eabi/9.3.1/../../../../arm-none-eabi/lib/thumb/v7e-m+fp/hard\libc_nano.a(lib_a-nano-svfprintf.o)
 .ARM.attributes
                0x00000000000008c5       0x34 e:/stm32ide/stm32cubeide_1.7.0/stm32cubeide/plugins/com.st.stm32cube.ide.mcu.externaltools.gnu-tools-for-stm32.9-2020-q2-update.win32_2.0.0.202105311346/tools/bin/../lib/gcc/arm-none-eabi/9.3.1/../../../../arm-none-eabi/lib/thumb/v7e-m+fp/hard\libc_nano.a(lib_a-nano-vfprintf_i.o)
 .ARM.attributes
                0x00000000000008f9       0x1c e:/stm32ide/stm32cubeide_1.7.0/stm32cubeide/plugins/com.st.stm32cube.ide.mcu.externaltools.gnu-tools-for-stm32.9-2020-q2-update.win32_2.0.0.202105311346/tools/bin/../lib/gcc/arm-none-eabi/9.3.1/../../../../arm-none-eabi/lib/thumb/v7e-m+fp/hard\libc_nano.a(lib_a-memchr.o)
 .ARM.attributes
                0x0000000000000915       0x34 e:/stm32ide/stm32cubeide_1.7.0/stm32cubeide/plugins/com.st.stm32cube.ide.mcu.externaltools.gnu-tools-for-stm32.9-2020-q2-update.win32_2.0.0.202105311346/tools/bin/../lib/gcc/arm-none-eabi/9.3.1/../../../../arm-none-eabi/lib/thumb/v7e-m+fp/hard\libc_nano.a(lib_a-memcpy-stub.o)
 .ARM.attributes
                0x0000000000000949       0x34 e:/stm32ide/stm32cubeide_1.7.0/stm32cubeide/plugins/com.st.stm32cube.ide.mcu.externaltools.gnu-tools-for-stm32.9-2020-q2-update.win32_2.0.0.202105311346/tools/bin/../lib/gcc/arm-none-eabi/9.3.1/../../../../arm-none-eabi/lib/thumb/v7e-m+fp/hard\libc_nano.a(lib_a-memmove.o)
 .ARM.attributes
                0x000000000000097d       0x34 e:/stm32ide/stm32cubeide_1.7.0/stm32cubeide/plugins/com.st.stm32cube.ide.mcu.externaltools.gnu-tools-for-stm32.9-2020-q2-update.win32_2.0.0.202105311346/tools/bin/../lib/gcc/arm-none-eabi/9.3.1/../../../../arm-none-eabi/lib/thumb/v7e-m+fp/hard\libc_nano.a(lib_a-nano-freer.o)
 .ARM.attributes
                0x00000000000009b1       0x34 e:/stm32ide/stm32cubeide_1.7.0/stm32cubeide/plugins/com.st.stm32cube.ide.mcu.externaltools.gnu-tools-for-stm32.9-2020-q2-update.win32_2.0.0.202105311346/tools/bin/../lib/gcc/arm-none-eabi/9.3.1/../../../../arm-none-eabi/lib/thumb/v7e-m+fp/hard\libc_nano.a(lib_a-nano-mallocr.o)
 .ARM.attributes
                0x00000000000009e5       0x34 e:/stm32ide/stm32cubeide_1.7.0/stm32cubeide/plugins/com.st.stm32cube.ide.mcu.externaltools.gnu-tools-for-stm32.9-2020-q2-update.win32_2.0.0.202105311346/tools/bin/../lib/gcc/arm-none-eabi/9.3.1/../../../../arm-none-eabi/lib/thumb/v7e-m+fp/hard\libc_nano.a(lib_a-nano-reallocr.o)
 .ARM.attributes
                0x0000000000000a19       0x34 e:/stm32ide/stm32cubeide_1.7.0/stm32cubeide/plugins/com.st.stm32cube.ide.mcu.externaltools.gnu-tools-for-stm32.9-2020-q2-update.win32_2.0.0.202105311346/tools/bin/../lib/gcc/arm-none-eabi/9.3.1/../../../../arm-none-eabi/lib/thumb/v7e-m+fp/hard\libc_nano.a(lib_a-sbrkr.o)
 .ARM.attributes
                0x0000000000000a4d       0x34 e:/stm32ide/stm32cubeide_1.7.0/stm32cubeide/plugins/com.st.stm32cube.ide.mcu.externaltools.gnu-tools-for-stm32.9-2020-q2-update.win32_2.0.0.202105311346/tools/bin/../lib/gcc/arm-none-eabi/9.3.1/../../../../arm-none-eabi/lib/thumb/v7e-m+fp/hard\libc_nano.a(lib_a-mlock.o)
 .ARM.attributes
                0x0000000000000a81       0x34 e:/stm32ide/stm32cubeide_1.7.0/stm32cubeide/plugins/com.st.stm32cube.ide.mcu.externaltools.gnu-tools-for-stm32.9-2020-q2-update.win32_2.0.0.202105311346/tools/bin/../lib/gcc/arm-none-eabi/9.3.1/../../../../arm-none-eabi/lib/thumb/v7e-m+fp/hard\libc_nano.a(lib_a-nano-msizer.o)
 .ARM.attributes
                0x0000000000000ab5       0x34 e:/stm32ide/stm32cubeide_1.7.0/stm32cubeide/plugins/com.st.stm32cube.ide.mcu.externaltools.gnu-tools-for-stm32.9-2020-q2-update.win32_2.0.0.202105311346/tools/bin/../lib/gcc/arm-none-eabi/9.3.1/../../../../arm-none-eabi/lib/thumb/v7e-m+fp/hard\libc_nano.a(lib_a-reent.o)
 .ARM.attributes
                0x0000000000000ae9       0x34 e:/stm32ide/stm32cubeide_1.7.0/stm32cubeide/plugins/com.st.stm32cube.ide.mcu.externaltools.gnu-tools-for-stm32.9-2020-q2-update.win32_2.0.0.202105311346/tools/bin/../lib/gcc/arm-none-eabi/9.3.1/../../../../arm-none-eabi/lib/thumb/v7e-m+fp/hard\libc_nano.a(lib_a-lock.o)
 .ARM.attributes
                0x0000000000000b1d       0x1e e:/stm32ide/stm32cubeide_1.7.0/stm32cubeide/plugins/com.st.stm32cube.ide.mcu.externaltools.gnu-tools-for-stm32.9-2020-q2-update.win32_2.0.0.202105311346/tools/bin/../lib/gcc/arm-none-eabi/9.3.1/thumb/v7e-m+fp/hard\libgcc.a(_arm_addsubdf3.o)
 .ARM.attributes
                0x0000000000000b3b       0x1e e:/stm32ide/stm32cubeide_1.7.0/stm32cubeide/plugins/com.st.stm32cube.ide.mcu.externaltools.gnu-tools-for-stm32.9-2020-q2-update.win32_2.0.0.202105311346/tools/bin/../lib/gcc/arm-none-eabi/9.3.1/thumb/v7e-m+fp/hard\libgcc.a(_arm_muldivdf3.o)
 .ARM.attributes
                0x0000000000000b59       0x1e e:/stm32ide/stm32cubeide_1.7.0/stm32cubeide/plugins/com.st.stm32cube.ide.mcu.externaltools.gnu-tools-for-stm32.9-2020-q2-update.win32_2.0.0.202105311346/tools/bin/../lib/gcc/arm-none-eabi/9.3.1/thumb/v7e-m+fp/hard\libgcc.a(_arm_truncdfsf2.o)
 .ARM.attributes
                0x0000000000000b77       0x1e e:/stm32ide/stm32cubeide_1.7.0/stm32cubeide/plugins/com.st.stm32cube.ide.mcu.externaltools.gnu-tools-for-stm32.9-2020-q2-update.win32_2.0.0.202105311346/tools/bin/../lib/gcc/arm-none-eabi/9.3.1/thumb/v7e-m+fp/hard\libgcc.a(_aeabi_uldivmod.o)
 .ARM.attributes
                0x0000000000000b95       0x34 e:/stm32ide/stm32cubeide_1.7.0/stm32cubeide/plugins/com.st.stm32cube.ide.mcu.externaltools.gnu-tools-for-stm32.9-2020-q2-update.win32_2.0.0.202105311346/tools/bin/../lib/gcc/arm-none-eabi/9.3.1/thumb/v7e-m+fp/hard\libgcc.a(_udivmoddi4.o)
 .ARM.attributes
                0x0000000000000bc9       0x1e e:/stm32ide/stm32cubeide_1.7.0/stm32cubeide/plugins/com.st.stm32cube.ide.mcu.externaltools.gnu-tools-for-stm32.9-2020-q2-update.win32_2.0.0.202105311346/tools/bin/../lib/gcc/arm-none-eabi/9.3.1/thumb/v7e-m+fp/hard\libgcc.a(_dvmd_tls.o)
 .ARM.attributes
                0x0000000000000be7       0x1e e:/stm32ide/stm32cubeide_1.7.0/stm32cubeide/plugins/com.st.stm32cube.ide.mcu.externaltools.gnu-tools-for-stm32.9-2020-q2-update.win32_2.0.0.202105311346/tools/bin/../lib/gcc/arm-none-eabi/9.3.1/thumb/v7e-m+fp/hard/crtn.o
OUTPUT(Lab6_ADC_PWM.elf elf32-littlearm)
LOAD linker stubs
LOAD e:/stm32ide/stm32cubeide_1.7.0/stm32cubeide/plugins/com.st.stm32cube.ide.mcu.externaltools.gnu-tools-for-stm32.9-2020-q2-update.win32_2.0.0.202105311346/tools/bin/../lib/gcc/arm-none-eabi/9.3.1/../../../../arm-none-eabi/lib/thumb/v7e-m+fp/hard\libc.a
LOAD e:/stm32ide/stm32cubeide_1.7.0/stm32cubeide/plugins/com.st.stm32cube.ide.mcu.externaltools.gnu-tools-for-stm32.9-2020-q2-update.win32_2.0.0.202105311346/tools/bin/../lib/gcc/arm-none-eabi/9.3.1/../../../../arm-none-eabi/lib/thumb/v7e-m+fp/hard\libm.a
LOAD e:/stm32ide/stm32cubeide_1.7.0/stm32cubeide/plugins/com.st.stm32cube.ide.mcu.externaltools.gnu-tools-for-stm32.9-2020-q2-update.win32_2.0.0.202105311346/tools/bin/../lib/gcc/arm-none-eabi/9.3.1/thumb/v7e-m+fp/hard\libgcc.a

.debug_info     0x0000000000000000    0x1f4e3
 .debug_info    0x0000000000000000      0xabd ./Core/Src/adc.o
 .debug_info    0x0000000000000abd      0x7f4 ./Core/Src/button.o
 .debug_info    0x00000000000012b1      0x7a3 ./Core/Src/buzzer.o
 .debug_info    0x0000000000001a54      0x59c ./Core/Src/dma.o
 .debug_info    0x0000000000001ff0      0x824 ./Core/Src/ds3231.o
 .debug_info    0x0000000000002814      0xa96 ./Core/Src/fsmc.o
 .debug_info    0x00000000000032aa      0x586 ./Core/Src/gpio.o
 .debug_info    0x0000000000003830      0xa7d ./Core/Src/i2c.o
 .debug_info    0x00000000000042ad     0x1759 ./Core/Src/lcd.o
 .debug_info    0x0000000000005a06      0x89c ./Core/Src/led_7seg.o
 .debug_info    0x00000000000062a2     0x2340 ./Core/Src/main.o
 .debug_info    0x00000000000085e2      0x793 ./Core/Src/sensor.o
 .debug_info    0x0000000000008d75      0x82a ./Core/Src/software_timer.o
 .debug_info    0x000000000000959f      0xa5a ./Core/Src/spi.o
 .debug_info    0x0000000000009ff9      0x394 ./Core/Src/stm32f4xx_hal_msp.o
 .debug_info    0x000000000000a38d      0xa8d ./Core/Src/stm32f4xx_it.o
 .debug_info    0x000000000000ae1a      0xa25 ./Core/Src/sysmem.o
 .debug_info    0x000000000000b83f      0x5a4 ./Core/Src/system_stm32f4xx.o
 .debug_info    0x000000000000bde3      0xebe ./Core/Src/tim.o
 .debug_info    0x000000000000cca1     0x1062 ./Core/Src/uart.o
 .debug_info    0x000000000000dd03      0xc29 ./Core/Src/usart.o
 .debug_info    0x000000000000e92c       0xd8 ./Core/Src/utils.o
 .debug_info    0x000000000000ea04       0x22 ./Core/Startup/startup_stm32f407zgtx.o
 .debug_info    0x000000000000ea26      0x9b2 ./Drivers/STM32F4xx_HAL_Driver/Src/stm32f4xx_hal.o
 .debug_info    0x000000000000f3d8      0xdbc ./Drivers/STM32F4xx_HAL_Driver/Src/stm32f4xx_hal_adc.o
 .debug_info    0x0000000000010194      0xed7 ./Drivers/STM32F4xx_HAL_Driver/Src/stm32f4xx_hal_cortex.o
 .debug_info    0x000000000001106b      0x9f1 ./Drivers/STM32F4xx_HAL_Driver/Src/stm32f4xx_hal_dma.o
 .debug_info    0x0000000000011a5c      0x83e ./Drivers/STM32F4xx_HAL_Driver/Src/stm32f4xx_hal_gpio.o
 .debug_info    0x000000000001229a     0x264d ./Drivers/STM32F4xx_HAL_Driver/Src/stm32f4xx_hal_i2c.o
 .debug_info    0x00000000000148e7      0x996 ./Drivers/STM32F4xx_HAL_Driver/Src/stm32f4xx_hal_rcc.o
 .debug_info    0x000000000001527d     0x17c0 ./Drivers/STM32F4xx_HAL_Driver/Src/stm32f4xx_hal_spi.o
 .debug_info    0x0000000000016a3d      0xbab ./Drivers/STM32F4xx_HAL_Driver/Src/stm32f4xx_hal_sram.o
 .debug_info    0x00000000000175e8     0x2c22 ./Drivers/STM32F4xx_HAL_Driver/Src/stm32f4xx_hal_tim.o
 .debug_info    0x000000000001a20a     0x15a2 ./Drivers/STM32F4xx_HAL_Driver/Src/stm32f4xx_hal_tim_ex.o
 .debug_info    0x000000000001b7ac     0x31de ./Drivers/STM32F4xx_HAL_Driver/Src/stm32f4xx_hal_uart.o
 .debug_info    0x000000000001e98a      0xb59 ./Drivers/STM32F4xx_HAL_Driver/Src/stm32f4xx_ll_fsmc.o

.debug_abbrev   0x0000000000000000     0x453e
 .debug_abbrev  0x0000000000000000      0x1ce ./Core/Src/adc.o
 .debug_abbrev  0x00000000000001ce      0x1bf ./Core/Src/button.o
 .debug_abbrev  0x000000000000038d      0x19a ./Core/Src/buzzer.o
 .debug_abbrev  0x0000000000000527      0x11b ./Core/Src/dma.o
 .debug_abbrev  0x0000000000000642      0x1a7 ./Core/Src/ds3231.o
 .debug_abbrev  0x00000000000007e9      0x1e2 ./Core/Src/fsmc.o
 .debug_abbrev  0x00000000000009cb      0x14e ./Core/Src/gpio.o
 .debug_abbrev  0x0000000000000b19      0x1bb ./Core/Src/i2c.o
 .debug_abbrev  0x0000000000000cd4      0x3aa ./Core/Src/lcd.o
 .debug_abbrev  0x000000000000107e      0x1a9 ./Core/Src/led_7seg.o
 .debug_abbrev  0x0000000000001227      0x336 ./Core/Src/main.o
 .debug_abbrev  0x000000000000155d      0x19f ./Core/Src/sensor.o
 .debug_abbrev  0x00000000000016fc      0x1e4 ./Core/Src/software_timer.o
 .debug_abbrev  0x00000000000018e0      0x1bb ./Core/Src/spi.o
 .debug_abbrev  0x0000000000001a9b      0x11d ./Core/Src/stm32f4xx_hal_msp.o
 .debug_abbrev  0x0000000000001bb8      0x176 ./Core/Src/stm32f4xx_it.o
 .debug_abbrev  0x0000000000001d2e      0x1bf ./Core/Src/sysmem.o
 .debug_abbrev  0x0000000000001eed      0x145 ./Core/Src/system_stm32f4xx.o
 .debug_abbrev  0x0000000000002032      0x1d7 ./Core/Src/tim.o
 .debug_abbrev  0x0000000000002209      0x280 ./Core/Src/uart.o
 .debug_abbrev  0x0000000000002489      0x1c4 ./Core/Src/usart.o
 .debug_abbrev  0x000000000000264d       0x87 ./Core/Src/utils.o
 .debug_abbrev  0x00000000000026d4       0x12 ./Core/Startup/startup_stm32f407zgtx.o
 .debug_abbrev  0x00000000000026e6      0x1ed ./Drivers/STM32F4xx_HAL_Driver/Src/stm32f4xx_hal.o
 .debug_abbrev  0x00000000000028d3      0x22f ./Drivers/STM32F4xx_HAL_Driver/Src/stm32f4xx_hal_adc.o
 .debug_abbrev  0x0000000000002b02      0x33c ./Drivers/STM32F4xx_HAL_Driver/Src/stm32f4xx_hal_cortex.o
 .debug_abbrev  0x0000000000002e3e      0x259 ./Drivers/STM32F4xx_HAL_Driver/Src/stm32f4xx_hal_dma.o
 .debug_abbrev  0x0000000000003097      0x1f1 ./Drivers/STM32F4xx_HAL_Driver/Src/stm32f4xx_hal_gpio.o
 .debug_abbrev  0x0000000000003288      0x282 ./Drivers/STM32F4xx_HAL_Driver/Src/stm32f4xx_hal_i2c.o
 .debug_abbrev  0x000000000000350a      0x275 ./Drivers/STM32F4xx_HAL_Driver/Src/stm32f4xx_hal_rcc.o
 .debug_abbrev  0x000000000000377f      0x26e ./Drivers/STM32F4xx_HAL_Driver/Src/stm32f4xx_hal_spi.o
 .debug_abbrev  0x00000000000039ed      0x1f4 ./Drivers/STM32F4xx_HAL_Driver/Src/stm32f4xx_hal_sram.o
 .debug_abbrev  0x0000000000003be1      0x25e ./Drivers/STM32F4xx_HAL_Driver/Src/stm32f4xx_hal_tim.o
 .debug_abbrev  0x0000000000003e3f      0x266 ./Drivers/STM32F4xx_HAL_Driver/Src/stm32f4xx_hal_tim_ex.o
 .debug_abbrev  0x00000000000040a5      0x2eb ./Drivers/STM32F4xx_HAL_Driver/Src/stm32f4xx_hal_uart.o
 .debug_abbrev  0x0000000000004390      0x1ae ./Drivers/STM32F4xx_HAL_Driver/Src/stm32f4xx_ll_fsmc.o

.debug_aranges  0x0000000000000000     0x1700
 .debug_aranges
                0x0000000000000000       0x30 ./Core/Src/adc.o
 .debug_aranges
                0x0000000000000030       0x28 ./Core/Src/button.o
 .debug_aranges
                0x0000000000000058       0x28 ./Core/Src/buzzer.o
 .debug_aranges
                0x0000000000000080       0x20 ./Core/Src/dma.o
 .debug_aranges
                0x00000000000000a0       0x30 ./Core/Src/ds3231.o
 .debug_aranges
                0x00000000000000d0       0x40 ./Core/Src/fsmc.o
 .debug_aranges
                0x0000000000000110       0x20 ./Core/Src/gpio.o
 .debug_aranges
                0x0000000000000130       0x30 ./Core/Src/i2c.o
 .debug_aranges
                0x0000000000000160       0xd8 ./Core/Src/lcd.o
 .debug_aranges
                0x0000000000000238       0x48 ./Core/Src/led_7seg.o
 .debug_aranges
                0x0000000000000280       0x80 ./Core/Src/main.o
 .debug_aranges
                0x0000000000000300       0x68 ./Core/Src/sensor.o
 .debug_aranges
                0x0000000000000368       0x30 ./Core/Src/software_timer.o
 .debug_aranges
                0x0000000000000398       0x30 ./Core/Src/spi.o
 .debug_aranges
                0x00000000000003c8       0x20 ./Core/Src/stm32f4xx_hal_msp.o
 .debug_aranges
                0x00000000000003e8       0x78 ./Core/Src/stm32f4xx_it.o
 .debug_aranges
                0x0000000000000460       0x20 ./Core/Src/sysmem.o
 .debug_aranges
                0x0000000000000480       0x28 ./Core/Src/system_stm32f4xx.o
 .debug_aranges
                0x00000000000004a8       0x40 ./Core/Src/tim.o
 .debug_aranges
                0x00000000000004e8       0x48 ./Core/Src/uart.o
 .debug_aranges
                0x0000000000000530       0x30 ./Core/Src/usart.o
 .debug_aranges
                0x0000000000000560       0x28 ./Core/Src/utils.o
 .debug_aranges
                0x0000000000000588       0x28 ./Core/Startup/startup_stm32f407zgtx.o
 .debug_aranges
                0x00000000000005b0       0xf0 ./Drivers/STM32F4xx_HAL_Driver/Src/stm32f4xx_hal.o
 .debug_aranges
                0x00000000000006a0       0xe8 ./Drivers/STM32F4xx_HAL_Driver/Src/stm32f4xx_hal_adc.o
 .debug_aranges
                0x0000000000000788      0x118 ./Drivers/STM32F4xx_HAL_Driver/Src/stm32f4xx_hal_cortex.o
 .debug_aranges
                0x00000000000008a0       0x90 ./Drivers/STM32F4xx_HAL_Driver/Src/stm32f4xx_hal_dma.o
 .debug_aranges