main.c:91:5:main	8	static
main.c:149:6:SystemClock_Config	88	static
main.c:187:6:system_init	8	static
main.c:200:6:test_LedDebug	8	static
main.c:207:9:isButtonUp	4	static
main.c:214:9:isButtonDown	4	static
main.c:221:9:isButtonRight	4	static
main.c:230:6:displayAdc	24	static
main.c:247:6:turnonBuzzer	8	static
main.c:258:6:sendUart	8	static
main.c:273:6:sendAlarm	8	static
main.c:277:6:updateTime	8	static
main.c:287:6:displayTime	8	static
main.c:294:6:process	8	static
main.c:338:6:Error_Handler	4	static,ignoring_inline_asm
