main.c:94:5:main	8	static
main.c:153:6:SystemClock_Config	88	static
main.c:191:6:system_init	8	static
main.c:205:6:test_LedDebug	8	static
main.c:212:9:isButtonUp	4	static
main.c:219:9:isButtonDown	4	static
main.c:226:9:isButtonRight	4	static
main.c:235:6:displayAdc	24	static
main.c:252:6:turnonBuzzer	8	static
main.c:262:6:turnoffBuzzer	8	static
main.c:268:6:sendUart	8	static
main.c:283:6:sendAlarm	8	static
main.c:287:6:updateTime	8	static
main.c:297:6:displayTime	8	static
main.c:304:6:process	8	static
main.c:353:6:Error_Handler	4	static,ignoring_inline_asm
